BL51 BANKED LINKER/LOCATER V6.22                                                        10/16/2018  19:32:16  PAGE 1


BL51 BANKED LINKER/LOCATER V6.22, INVOKED BY:
C:\KEIL\C51\BIN\BL51.EXE main.obj TO timer REGFILE (.\timer.ORC) PRINT (.\list\timer.m51) RAMSIZE (256)


MEMORY MODEL: SMALL


INPUT MODULES INCLUDED:
  main.obj (MAIN)
  C:\KEIL\C51\LIB\C51S.LIB (?C_STARTUP)
  C:\KEIL\C51\LIB\C51S.LIB (?C_INIT)


LINK MAP OF MODULE:  timer (MAIN)


            TYPE    BASE      LENGTH    RELOCATION   SEGMENT NAME
            -----------------------------------------------------

            * * * * * * *   D A T A   M E M O R Y   * * * * * * *
            REG     0000H     0008H     ABSOLUTE     "REG BANK 0"
            DATA    0008H     0006H     UNIT         ?DT?MAIN
            IDATA   000EH     0001H     UNIT         ?STACK

            * * * * * * *   C O D E   M E M O R Y   * * * * * * *
            CODE    0000H     0003H     ABSOLUTE     
            CODE    0003H     0008H     INBLOCK      ?PR?LVD_ISR?MAIN
            CODE    000BH     0002H     ABSOLUTE     
            CODE    000DH     0011H     UNIT         ?C_INITSEG
            CODE    001EH     0010H     INBLOCK      ?PR?_DELAY_MS?MAIN
                    002EH     0005H                  *** GAP ***
            CODE    0033H     0002H     ABSOLUTE     
            CODE    0035H     008CH     UNIT         ?C_C51STARTUP
            CODE    00C1H     006AH     INBLOCK      ?PR?MAIN?MAIN
            CODE    012BH     0061H     INBLOCK      ?PR?TIMER0_INT?MAIN



OVERLAY MAP OF MODULE:   timer (MAIN)


SEGMENT
  +--> CALLED SEGMENT
---------------------
?C_C51STARTUP
  +--> ?PR?MAIN?MAIN
  +--> ?C_INITSEG

?PR?MAIN?MAIN
  +--> ?PR?_DELAY_MS?MAIN



SYMBOL TABLE OF MODULE:  timer (MAIN)

  VALUE           TYPE          NAME
  ----------------------------------

BL51 BANKED LINKER/LOCATER V6.22                                                      10/16/2018  19:32:16  PAGE 2


  -------         MODULE        MAIN
  C:0000H         SYMBOL        _ICE_DUMMY_
  D:00B2H         PUBLIC        P3M0
  C:012BH         PUBLIC        timer0_int
  D:00B1H         PUBLIC        P3M1
  D:00B0H         PUBLIC        P3
  B:00A8H.7       PUBLIC        EA
  D:0008H         PUBLIC        g_hour
  D:00A8H         PUBLIC        IE
  D:0009H         PUBLIC        g_key_time
  B:00B0H.2       PUBLIC        ioSwitchLED
  C:00C1H         PUBLIC        main
  B:00A8H.6       PUBLIC        ELVD
  D:0087H         PUBLIC        PCON
  D:0089H         PUBLIC        TMOD
  D:0088H         PUBLIC        TCON
  C:0003H         PUBLIC        LVD_ISR
  D:008EH         PUBLIC        AUXR
  B:00B0H.5       PUBLIC        ioKEY
  D:000AH         PUBLIC        g_second
  B:00A8H.1       PUBLIC        ET0
  D:008CH         PUBLIC        TH0
  D:008AH         PUBLIC        TL0
  C:001EH         PUBLIC        _delay_ms
  B:00B0H.3       PUBLIC        ioWorkLED
  B:0088H.4       PUBLIC        TR0
  D:000BH         PUBLIC        g_minute
  D:000CH         PUBLIC        g_millisecond
  -------         PROC          MAIN
  C:00C1H         LINE#         67
  C:00C1H         LINE#         68
  C:00C1H         LINE#         75
  C:00C4H         LINE#         77
  C:00C7H         LINE#         78
  C:00C9H         LINE#         83
  C:00CBH         LINE#         84
  C:00CEH         LINE#         90
  C:00D0H         LINE#         91
  C:00D2H         LINE#         95
  C:00D5H         LINE#         96
  C:00D8H         LINE#         97
  C:00DBH         LINE#         98
  C:00DEH         LINE#         99
  C:00E1H         LINE#         100
  C:00E3H         LINE#         102
  C:00E5H         LINE#         104
  C:00E7H         LINE#         106
  C:00E7H         LINE#         107
  C:00E7H         LINE#         110
  C:00EAH         LINE#         112
  C:00EAH         LINE#         113
  C:00EEH         LINE#         114
  C:00F1H         LINE#         115
  C:00F1H         LINE#         119
  C:00F4H         LINE#         120
  C:00F6H         LINE#         122
  C:00F8H         LINE#         123
BL51 BANKED LINKER/LOCATER V6.22                                                      10/16/2018  19:32:16  PAGE 3


  C:00F8H         LINE#         124
  C:00F8H         LINE#         127
  C:010AH         LINE#         128
  C:010AH         LINE#         129
  C:010AH         LINE#         130
  C:010AH         LINE#         131
  C:010AH         LINE#         132
  C:010AH         LINE#         133
  C:010EH         LINE#         134
  C:0111H         LINE#         135
  C:0111H         LINE#         137
  C:0111H         LINE#         138
  C:0111H         LINE#         139
  C:0111H         LINE#         141
  C:0111H         LINE#         142
  C:0111H         LINE#         149
  C:011BH         LINE#         150
  C:011DH         LINE#         151
  C:0121H         LINE#         152
  C:0123H         LINE#         153
  C:0125H         LINE#         154
  C:0125H         LINE#         155
  C:0129H         LINE#         156
  C:0129H         LINE#         159
  -------         ENDPROC       MAIN
  -------         PROC          TIMER0_INT
  C:012BH         LINE#         163
  C:012FH         LINE#         166
  C:013AH         LINE#         168
  C:0145H         LINE#         169
  C:014BH         LINE#         170
  C:014DH         LINE#         175
  C:0154H         LINE#         176
  C:0156H         LINE#         177
  C:0156H         LINE#         180
  C:015DH         LINE#         185
  C:0163H         LINE#         188
  C:0165H         LINE#         189
  C:0168H         LINE#         190
  C:016AH         LINE#         191
  C:016AH         LINE#         193
  C:016CH         LINE#         194
  C:016EH         LINE#         195
  C:016EH         LINE#         200
  C:0171H         LINE#         201
  C:0173H         LINE#         203
  C:017AH         LINE#         206
  C:017DH         LINE#         207
  C:017FH         LINE#         209
  C:0184H         LINE#         212
  C:0187H         LINE#         214
  C:0187H         LINE#         216
  C:0187H         LINE#         217
  C:0187H         LINE#         218
  C:0187H         LINE#         219
  -------         ENDPROC       TIMER0_INT
  -------         PROC          LVD_ISR
BL51 BANKED LINKER/LOCATER V6.22                                                      10/16/2018  19:32:16  PAGE 4


  C:0003H         LINE#         223
  C:0003H         LINE#         226
  C:0005H         LINE#         227
  C:0007H         LINE#         229
  C:000AH         LINE#         232
  -------         ENDPROC       LVD_ISR
  -------         PROC          _DELAY_MS
  D:0007H         SYMBOL        ms
  -------         DO            
  D:0004H         SYMBOL        i
  -------         ENDDO         
  C:001EH         LINE#         234
  C:001EH         LINE#         235
  C:001EH         LINE#         237
  C:001EH         LINE#         238
  C:0022H         LINE#         239
  C:002BH         LINE#         240
  C:002DH         LINE#         241
  -------         ENDPROC       _DELAY_MS
  -------         ENDMOD        MAIN



FUNCTION REGISTER MASKS


FUNCTION . . . . . REG MASK
---------------------------

LVD_ISR. . . . . . @0xc000
TIMER0_INT . . . . @0xf000
_DELAY_MS. . . . . @0xe00d

Program Size: data=15.0 xdata=0 code=391
LINK/LOCATE RUN COMPLETE.  0 WARNING(S),  0 ERROR(S)
