BL51 BANKED LINKER/LOCATER V6.22                                                        10/27/2018  16:32:26  PAGE 1


BL51 BANKED LINKER/LOCATER V6.22, INVOKED BY:
C:\KEIL\C51\BIN\BL51.EXE main.obj TO timer REGFILE (.\timer.ORC) PRINT (.\list\timer.m51) RAMSIZE (256)


MEMORY MODEL: SMALL


INPUT MODULES INCLUDED:
  main.obj (MAIN)
  C:\KEIL\C51\LIB\C51S.LIB (?C_STARTUP)
  C:\KEIL\C51\LIB\C51S.LIB (?C_INIT)


LINK MAP OF MODULE:  timer (MAIN)


            TYPE    BASE      LENGTH    RELOCATION   SEGMENT NAME
            -----------------------------------------------------

            * * * * * * *   D A T A   M E M O R Y   * * * * * * *
            REG     0000H     0008H     ABSOLUTE     "REG BANK 0"
            DATA    0008H     0006H     UNIT         ?DT?MAIN
            IDATA   000EH     0001H     UNIT         ?STACK

            * * * * * * *   C O D E   M E M O R Y   * * * * * * *
            CODE    0000H     0003H     ABSOLUTE     
            CODE    0003H     0008H     INBLOCK      ?PR?LVD_ISR?MAIN
            CODE    000BH     0002H     ABSOLUTE     
            CODE    000DH     0011H     UNIT         ?C_INITSEG
            CODE    001EH     0010H     INBLOCK      ?PR?_DELAY_MS?MAIN
                    002EH     0005H                  *** GAP ***
            CODE    0033H     0002H     ABSOLUTE     
            CODE    0035H     00AEH     INBLOCK      ?PR?MAIN?MAIN
            CODE    00E3H     008CH     UNIT         ?C_C51STARTUP
            CODE    016FH     0061H     INBLOCK      ?PR?TIMER0_INT?MAIN



OVERLAY MAP OF MODULE:   timer (MAIN)


SEGMENT
  +--> CALLED SEGMENT
---------------------
?C_C51STARTUP
  +--> ?PR?MAIN?MAIN
  +--> ?C_INITSEG

?PR?MAIN?MAIN
  +--> ?PR?_DELAY_MS?MAIN



SYMBOL TABLE OF MODULE:  timer (MAIN)

  VALUE           TYPE          NAME
  ----------------------------------

BL51 BANKED LINKER/LOCATER V6.22                                                      10/27/2018  16:32:26  PAGE 2


  -------         MODULE        MAIN
  C:0000H         SYMBOL        _ICE_DUMMY_
  D:00B2H         PUBLIC        P3M0
  C:016FH         PUBLIC        timer0_int
  D:00B1H         PUBLIC        P3M1
  D:00B0H         PUBLIC        P3
  B:00A8H.7       PUBLIC        EA
  D:0008H         PUBLIC        g_hour
  D:00A8H         PUBLIC        IE
  D:0009H         PUBLIC        g_key_time
  B:00B0H.2       PUBLIC        ioSwitchLED
  C:0035H         PUBLIC        main
  B:00A8H.6       PUBLIC        ELVD
  D:0087H         PUBLIC        PCON
  D:0089H         PUBLIC        TMOD
  D:0088H         PUBLIC        TCON
  C:0003H         PUBLIC        LVD_ISR
  D:008EH         PUBLIC        AUXR
  B:00B0H.4       PUBLIC        ioKEY
  D:000AH         PUBLIC        g_second
  B:00A8H.1       PUBLIC        ET0
  D:008CH         PUBLIC        TH0
  D:008AH         PUBLIC        TL0
  C:001EH         PUBLIC        _delay_ms
  B:00B0H.3       PUBLIC        ioWorkLED
  B:0088H.4       PUBLIC        TR0
  D:000BH         PUBLIC        g_minute
  D:000CH         PUBLIC        g_millisecond
  B:00B0H.5       PUBLIC        ioKEYRestTime
  -------         PROC          MAIN
  C:0035H         LINE#         68
  C:0035H         LINE#         69
  C:0035H         LINE#         76
  C:0038H         LINE#         78
  C:003BH         LINE#         79
  C:003DH         LINE#         84
  C:003FH         LINE#         85
  C:0042H         LINE#         91
  C:0044H         LINE#         92
  C:0046H         LINE#         93
  C:0048H         LINE#         97
  C:004BH         LINE#         98
  C:004EH         LINE#         99
  C:0051H         LINE#         100
  C:0054H         LINE#         101
  C:0057H         LINE#         102
  C:0059H         LINE#         104
  C:005BH         LINE#         106
  C:005DH         LINE#         108
  C:005DH         LINE#         109
  C:005DH         LINE#         112
  C:0060H         LINE#         114
  C:0060H         LINE#         115
  C:0064H         LINE#         116
  C:0067H         LINE#         117
  C:0067H         LINE#         123
  C:006EH         LINE#         124
BL51 BANKED LINKER/LOCATER V6.22                                                      10/27/2018  16:32:26  PAGE 3


  C:0073H         LINE#         125
  C:0075H         LINE#         126
  C:0077H         LINE#         127
  C:0077H         LINE#         128
  C:007AH         LINE#         129
  C:007CH         LINE#         130
  C:007CH         LINE#         132
  C:0081H         LINE#         135
  C:0081H         LINE#         136
  C:0081H         LINE#         138
  C:0084H         LINE#         140
  C:0084H         LINE#         141
  C:0088H         LINE#         142
  C:008BH         LINE#         143
  C:008BH         LINE#         145
  C:008EH         LINE#         146
  C:0095H         LINE#         150
  C:0097H         LINE#         151
  C:009BH         LINE#         152
  C:009DH         LINE#         153
  C:00A1H         LINE#         154
  C:00A3H         LINE#         155
  C:00A5H         LINE#         156
  C:00A5H         LINE#         157
  C:00A5H         LINE#         161
  C:00B7H         LINE#         162
  C:00B7H         LINE#         163
  C:00B7H         LINE#         164
  C:00B7H         LINE#         165
  C:00B7H         LINE#         166
  C:00B7H         LINE#         167
  C:00C6H         LINE#         168
  C:00C9H         LINE#         169
  C:00C9H         LINE#         171
  C:00C9H         LINE#         172
  C:00C9H         LINE#         173
  C:00C9H         LINE#         175
  C:00C9H         LINE#         176
  C:00C9H         LINE#         183
  C:00D3H         LINE#         184
  C:00D5H         LINE#         185
  C:00D9H         LINE#         186
  C:00DBH         LINE#         187
  C:00DDH         LINE#         188
  C:00DDH         LINE#         189
  C:00E1H         LINE#         190
  C:00E1H         LINE#         193
  -------         ENDPROC       MAIN
  -------         PROC          TIMER0_INT
  C:016FH         LINE#         197
  C:0173H         LINE#         200
  C:017EH         LINE#         202
  C:0189H         LINE#         203
  C:018FH         LINE#         204
  C:0191H         LINE#         209
  C:0198H         LINE#         210
  C:019AH         LINE#         211
BL51 BANKED LINKER/LOCATER V6.22                                                      10/27/2018  16:32:26  PAGE 4


  C:019AH         LINE#         214
  C:01A1H         LINE#         219
  C:01A7H         LINE#         222
  C:01A9H         LINE#         223
  C:01ACH         LINE#         224
  C:01AEH         LINE#         225
  C:01AEH         LINE#         227
  C:01B0H         LINE#         228
  C:01B2H         LINE#         229
  C:01B2H         LINE#         234
  C:01B5H         LINE#         235
  C:01B7H         LINE#         237
  C:01BEH         LINE#         240
  C:01C1H         LINE#         241
  C:01C3H         LINE#         243
  C:01C8H         LINE#         246
  C:01CBH         LINE#         248
  C:01CBH         LINE#         250
  C:01CBH         LINE#         251
  C:01CBH         LINE#         252
  C:01CBH         LINE#         253
  -------         ENDPROC       TIMER0_INT
  -------         PROC          LVD_ISR
  C:0003H         LINE#         257
  C:0003H         LINE#         260
  C:0005H         LINE#         261
  C:0007H         LINE#         263
  C:000AH         LINE#         266
  -------         ENDPROC       LVD_ISR
  -------         PROC          _DELAY_MS
  D:0007H         SYMBOL        ms
  -------         DO            
  D:0004H         SYMBOL        i
  -------         ENDDO         
  C:001EH         LINE#         268
  C:001EH         LINE#         269
  C:001EH         LINE#         271
  C:001EH         LINE#         272
  C:0022H         LINE#         273
  C:002BH         LINE#         274
  C:002DH         LINE#         275
  -------         ENDPROC       _DELAY_MS
  -------         ENDMOD        MAIN



FUNCTION REGISTER MASKS


FUNCTION . . . . . REG MASK
---------------------------

LVD_ISR. . . . . . @0xc000
TIMER0_INT . . . . @0xf000
_DELAY_MS. . . . . @0xe00d

Program Size: data=15.0 xdata=0 code=459
BL51 BANKED LINKER/LOCATER V6.22                                                      10/27/2018  16:32:26  PAGE 5


LINK/LOCATE RUN COMPLETE.  0 WARNING(S),  0 ERROR(S)
