BL51 BANKED LINKER/LOCATER V6.22                                                        10/01/2018  23:22:51  PAGE 1


BL51 BANKED LINKER/LOCATER V6.22, INVOKED BY:
C:\KEIL\C51\BIN\BL51.EXE main.obj TO timer REGFILE (.\timer.ORC) PRINT (.\list\timer.m51) RAMSIZE (256)


MEMORY MODEL: SMALL


INPUT MODULES INCLUDED:
  main.obj (MAIN)
  C:\KEIL\C51\LIB\C51S.LIB (?C_STARTUP)
  C:\KEIL\C51\LIB\C51S.LIB (?C_INIT)


LINK MAP OF MODULE:  timer (MAIN)


            TYPE    BASE      LENGTH    RELOCATION   SEGMENT NAME
            -----------------------------------------------------

            * * * * * * *   D A T A   M E M O R Y   * * * * * * *
            REG     0000H     0008H     ABSOLUTE     "REG BANK 0"
            DATA    0008H     0006H     UNIT         ?DT?MAIN
            IDATA   000EH     0001H     UNIT         ?STACK

            * * * * * * *   C O D E   M E M O R Y   * * * * * * *
            CODE    0000H     0003H     ABSOLUTE     
                    0003H     0008H                  *** GAP ***
            CODE    000BH     0002H     ABSOLUTE     
            CODE    000DH     008CH     UNIT         ?C_C51STARTUP
            CODE    0099H     0058H     INBLOCK      ?PR?MAIN?MAIN
            CODE    00F1H     0057H     INBLOCK      ?PR?TIMER0_INT?MAIN
            CODE    0148H     0011H     UNIT         ?C_INITSEG
            CODE    0159H     0010H     INBLOCK      ?PR?_DELAY_MS?MAIN



OVERLAY MAP OF MODULE:   timer (MAIN)


SEGMENT
  +--> CALLED SEGMENT
---------------------
?C_C51STARTUP
  +--> ?PR?MAIN?MAIN
  +--> ?C_INITSEG

?PR?MAIN?MAIN
  +--> ?PR?_DELAY_MS?MAIN



SYMBOL TABLE OF MODULE:  timer (MAIN)

  VALUE           TYPE          NAME
  ----------------------------------

  -------         MODULE        MAIN
  C:0000H         SYMBOL        _ICE_DUMMY_
BL51 BANKED LINKER/LOCATER V6.22                                                      10/01/2018  23:22:51  PAGE 2


  D:00B2H         PUBLIC        P3M0
  C:00F1H         PUBLIC        timer0_int
  D:00B1H         PUBLIC        P3M1
  D:00B0H         PUBLIC        P3
  B:00A8H.7       PUBLIC        EA
  D:0008H         PUBLIC        g_hour
  D:00A8H         PUBLIC        IE
  D:0009H         PUBLIC        g_key_time
  B:00B0H.2       PUBLIC        ioSwitchLED
  C:0099H         PUBLIC        main
  D:0089H         PUBLIC        TMOD
  D:0088H         PUBLIC        TCON
  D:008EH         PUBLIC        AUXR
  B:00B0H.5       PUBLIC        ioKEY
  D:000AH         PUBLIC        g_second
  B:00A8H.1       PUBLIC        ET0
  D:008CH         PUBLIC        TH0
  D:008AH         PUBLIC        TL0
  C:0159H         PUBLIC        _delay_ms
  B:00B0H.3       PUBLIC        ioWorkLED
  B:0088H.4       PUBLIC        TR0
  D:000BH         PUBLIC        g_minute
  D:000CH         PUBLIC        g_millisecond
  -------         PROC          MAIN
  C:0099H         LINE#         61
  C:0099H         LINE#         62
  C:0099H         LINE#         70
  C:009CH         LINE#         71
  C:009FH         LINE#         82
  C:00A2H         LINE#         83
  C:00A5H         LINE#         84
  C:00A8H         LINE#         85
  C:00ABH         LINE#         86
  C:00AEH         LINE#         87
  C:00B0H         LINE#         89
  C:00B2H         LINE#         91
  C:00B4H         LINE#         93
  C:00B4H         LINE#         94
  C:00B4H         LINE#         97
  C:00B7H         LINE#         99
  C:00B7H         LINE#         100
  C:00BBH         LINE#         101
  C:00BEH         LINE#         102
  C:00BEH         LINE#         106
  C:00C2H         LINE#         110
  C:00C2H         LINE#         111
  C:00C2H         LINE#         114
  C:00D4H         LINE#         115
  C:00D4H         LINE#         116
  C:00D4H         LINE#         117
  C:00D4H         LINE#         118
  C:00D4H         LINE#         120
  C:00D7H         LINE#         121
  C:00D7H         LINE#         122
  C:00D7H         LINE#         124
  C:00D7H         LINE#         125
  C:00D7H         LINE#         132
BL51 BANKED LINKER/LOCATER V6.22                                                      10/01/2018  23:22:51  PAGE 3


  C:00E1H         LINE#         133
  C:00E3H         LINE#         134
  C:00E7H         LINE#         135
  C:00E9H         LINE#         136
  C:00EBH         LINE#         137
  C:00EBH         LINE#         138
  C:00EFH         LINE#         139
  C:00EFH         LINE#         142
  -------         ENDPROC       MAIN
  -------         PROC          TIMER0_INT
  C:00F1H         LINE#         146
  C:00F5H         LINE#         149
  C:0100H         LINE#         151
  C:010BH         LINE#         152
  C:0111H         LINE#         153
  C:0113H         LINE#         156
  C:0119H         LINE#         161
  C:011FH         LINE#         164
  C:0121H         LINE#         165
  C:0124H         LINE#         166
  C:0126H         LINE#         167
  C:0126H         LINE#         169
  C:0128H         LINE#         170
  C:012AH         LINE#         171
  C:012AH         LINE#         176
  C:012DH         LINE#         177
  C:012FH         LINE#         179
  C:0136H         LINE#         182
  C:0139H         LINE#         183
  C:013BH         LINE#         185
  C:0140H         LINE#         188
  C:0143H         LINE#         190
  C:0143H         LINE#         192
  C:0143H         LINE#         193
  C:0143H         LINE#         194
  C:0143H         LINE#         195
  -------         ENDPROC       TIMER0_INT
  -------         PROC          _DELAY_MS
  D:0007H         SYMBOL        ms
  -------         DO            
  D:0004H         SYMBOL        i
  -------         ENDDO         
  C:0159H         LINE#         197
  C:0159H         LINE#         198
  C:0159H         LINE#         200
  C:0159H         LINE#         201
  C:015DH         LINE#         202
  C:0166H         LINE#         203
  C:0168H         LINE#         204
  -------         ENDPROC       _DELAY_MS
  -------         ENDMOD        MAIN



FUNCTION REGISTER MASKS


BL51 BANKED LINKER/LOCATER V6.22                                                      10/01/2018  23:22:51  PAGE 4


FUNCTION . . . . . REG MASK
---------------------------

TIMER0_INT . . . . @0xf000
_DELAY_MS. . . . . @0xe00d

Program Size: data=15.0 xdata=0 code=353
LINK/LOCATE RUN COMPLETE.  0 WARNING(S),  0 ERROR(S)
