BL51 BANKED LINKER/LOCATER V6.22                                                        11/25/2018  22:59:04  PAGE 1


BL51 BANKED LINKER/LOCATER V6.22, INVOKED BY:
C:\KEIL\C51\BIN\BL51.EXE GPIO.obj, main.obj, timer.obj, delay.obj, Exti.obj TO timer PRINT (.\list\timer.m51) RAMSIZE (2
>> 56)


MEMORY MODEL: SMALL


INPUT MODULES INCLUDED:
  GPIO.obj (GPIO)
  main.obj (MAIN)
  timer.obj (TIMER)
  delay.obj (DELAY)
  Exti.obj (EXTI)
  C:\KEIL\C51\LIB\C51S.LIB (?C_STARTUP)
  C:\KEIL\C51\LIB\C51S.LIB (?C?CLDPTR)
  C:\KEIL\C51\LIB\C51S.LIB (?C?CLDOPTR)
  C:\KEIL\C51\LIB\C51S.LIB (?C?ILDOPTR)
  C:\KEIL\C51\LIB\C51S.LIB (?C_INIT)


LINK MAP OF MODULE:  timer (GPIO)


            TYPE    BASE      LENGTH    RELOCATION   SEGMENT NAME
            -----------------------------------------------------

            * * * * * * *   D A T A   M E M O R Y   * * * * * * *
            REG     0000H     0008H     ABSOLUTE     "REG BANK 0"
            DATA    0008H     0009H     UNIT         ?DT?MAIN
            DATA    0011H     0008H     UNIT         _DATA_GROUP_
            DATA    0019H     0003H     UNIT         ?DT?EXTI_CONFIG?MAIN
            IDATA   001CH     0001H     UNIT         ?STACK

            * * * * * * *   C O D E   M E M O R Y   * * * * * * *
            CODE    0000H     0003H     ABSOLUTE     
            CODE    0003H     0003H     ABSOLUTE     
                    0006H     0005H                  *** GAP ***
            CODE    000BH     0003H     ABSOLUTE     
                    000EH     0005H                  *** GAP ***
            CODE    0013H     0003H     ABSOLUTE     
            CODE    0016H     0017H     UNIT         ?PR?_DELAY_MS?DELAY
                    002DH     0006H                  *** GAP ***
            CODE    0033H     0003H     ABSOLUTE     
            CODE    0036H     011EH     UNIT         ?PR?_TIMER_INILIZE?TIMER
            CODE    0154H     008EH     UNIT         ?PR?TIMER0_INT?MAIN
            CODE    01E2H     008CH     UNIT         ?C_C51STARTUP
            CODE    026EH     007EH     UNIT         ?C?LIB_CODE
            CODE    02ECH     006EH     UNIT         ?PR?_EXT_INILIZE?EXTI
            CODE    035AH     0050H     UNIT         ?PR?_GPIO_INILIZE?GPIO
            CODE    03AAH     0040H     UNIT         ?PR?MAIN?MAIN
            CODE    03EAH     0037H     UNIT         ?PR?KEY_SCAN?MAIN
            CODE    0421H     0031H     UNIT         ?PR?_L2SHOWWITHNUM?MAIN
            CODE    0452H     0024H     UNIT         ?PR?EXTI_CONFIG?MAIN
            CODE    0476H     0021H     UNIT         ?PR?GPIO_CONFIG?MAIN
            CODE    0497H     0020H     UNIT         ?PR?TIMER_CONFIG?MAIN
            CODE    04B7H     0016H     UNIT         ?PR?INT1_INT?MAIN
            CODE    04CDH     0016H     UNIT         ?C_INITSEG
BL51 BANKED LINKER/LOCATER V6.22                                                      11/25/2018  22:59:04  PAGE 2


            CODE    04E3H     0015H     UNIT         ?PR?MOTOSTART?MAIN
            CODE    04F8H     0015H     UNIT         ?PR?SECONDACTION?MAIN
            CODE    050DH     000AH     UNIT         ?PR?LVD_ISR?MAIN
            CODE    0517H     0008H     UNIT         ?PR?INT0_INT?MAIN



OVERLAY MAP OF MODULE:   timer (GPIO)


SEGMENT                            DATA_GROUP 
  +--> CALLED SEGMENT            START    LENGTH
------------------------------------------------
?PR?TIMER0_INT?MAIN              -----    -----
  +--> ?PR?SECONDACTION?MAIN

?PR?SECONDACTION?MAIN            -----    -----
  +--> ?PR?_DELAY_MS?DELAY

*** NEW ROOT ***************************************************

?C_C51STARTUP                    -----    -----
  +--> ?PR?MAIN?MAIN
  +--> ?C_INITSEG

?PR?MAIN?MAIN                    -----    -----
  +--> ?PR?GPIO_CONFIG?MAIN
  +--> ?PR?TIMER_CONFIG?MAIN
  +--> ?PR?KEY_SCAN?MAIN
  +--> ?PR?MOTOSTART?MAIN

?PR?GPIO_CONFIG?MAIN             0011H    0002H
  +--> ?PR?_GPIO_INILIZE?GPIO

?PR?TIMER_CONFIG?MAIN            0011H    0008H
  +--> ?PR?_TIMER_INILIZE?TIMER

?PR?KEY_SCAN?MAIN                -----    -----
  +--> ?PR?_DELAY_MS?DELAY
  +--> ?PR?MOTOSTART?MAIN
  +--> ?PR?_L2SHOWWITHNUM?MAIN

?PR?MOTOSTART?MAIN               -----    -----
  +--> ?PR?_DELAY_MS?DELAY

?PR?_L2SHOWWITHNUM?MAIN          0011H    0003H
  +--> ?PR?_DELAY_MS?DELAY



SYMBOL TABLE OF MODULE:  timer (GPIO)

  VALUE           TYPE          NAME
  ----------------------------------

  -------         MODULE        GPIO
  C:0000H         SYMBOL        _ICE_DUMMY_
BL51 BANKED LINKER/LOCATER V6.22                                                      11/25/2018  22:59:04  PAGE 3


  D:00B2H         PUBLIC        P3M0
  D:00B1H         PUBLIC        P3M1
  D:00A8H         PUBLIC        IE
  D:00B8H         PUBLIC        IP
  D:0088H         PUBLIC        TCON
  C:035AH         PUBLIC        _GPIO_Inilize
  -------         PROC          _GPIO_INILIZE
  D:0007H         SYMBOL        GPIO
  D:0001H         SYMBOL        GPIOx
  C:035AH         LINE#         31
  C:035AH         LINE#         32
  C:035AH         LINE#         37
  C:035FH         LINE#         38
  C:035FH         LINE#         39
  C:0372H         LINE#         40
  C:0383H         LINE#         41
  C:0396H         LINE#         42
  C:03A7H         LINE#         43
  C:03A7H         LINE#         45
  C:03A9H         LINE#         46
  -------         ENDPROC       _GPIO_INILIZE
  -------         ENDMOD        GPIO

  -------         MODULE        MAIN
  C:0000H         SYMBOL        _ICE_DUMMY_
  C:0154H         PUBLIC        timer0_int
  D:00B0H         PUBLIC        P3
  B:00A8H.7       PUBLIC        EA
  B:00B0H.2       PUBLIC        ioInKeyForMoto
  D:0008H         PUBLIC        g_hour
  C:0476H         PUBLIC        GPIO_config
  D:00A8H         PUBLIC        IE
  C:0421H         PUBLIC        _l2ShowWithNum
  C:0452H         PUBLIC        EXTI_config
  D:00B8H         PUBLIC        IP
  C:03AAH         PUBLIC        main
  B:00A8H.6       PUBLIC        ELVD
  B:00B0H.0       PUBLIC        ioOutForL1Green
  D:0087H         PUBLIC        PCON
  D:0009H         PUBLIC        g_allKeyState
  D:0088H         PUBLIC        TCON
  C:050DH         PUBLIC        LVD_ISR
  B:0088H.1       PUBLIC        IE0
  B:0088H.3       PUBLIC        IE1
  D:000BH         PUBLIC        g_second
  C:0517H         PUBLIC        INT0_int
  C:04B7H         PUBLIC        INT1_int
  B:00A8H.0       PUBLIC        EX0
  B:00A8H.2       PUBLIC        EX1
  C:03EAH         PUBLIC        key_scan
  D:000CH         PUBLIC        g_moto_run_time
  C:04E3H         PUBLIC        motoStart
  B:00B0H.1       PUBLIC        ioOutForL2Red
  D:000EH         PUBLIC        g_minute
  C:0497H         PUBLIC        Timer_config
  C:04F8H         PUBLIC        secondAction
  D:000FH         PUBLIC        g_millisecond
BL51 BANKED LINKER/LOCATER V6.22                                                      11/25/2018  22:59:04  PAGE 4


  B:00B0H.5       PUBLIC        ioOutForMotoPower
  B:00B0H.3       PUBLIC        ioInKeyForTime
  -------         PROC          EXTI_CONFIG
  -------         DO            
  D:0019H         SYMBOL        EXTI_InitStructure
  -------         ENDDO         
  C:0452H         LINE#         105
  C:0452H         LINE#         106
  C:0452H         LINE#         110
  C:0455H         LINE#         111
  C:0458H         LINE#         112
  C:045BH         LINE#         113
  C:0466H         LINE#         116
  C:0469H         LINE#         117
  C:046CH         LINE#         119
  -------         ENDPROC       EXTI_CONFIG
  -------         PROC          GPIO_CONFIG
  -------         DO            
  D:0011H         SYMBOL        GPIO_InitStructure
  -------         ENDDO         
  C:0476H         LINE#         133
  C:0476H         LINE#         134
  C:0476H         LINE#         136
  C:0479H         LINE#         138
  C:047CH         LINE#         139
  C:0487H         LINE#         142
  C:048AH         LINE#         143
  C:048DH         LINE#         144
  -------         ENDPROC       GPIO_CONFIG
  -------         PROC          TIMER_CONFIG
  -------         DO            
  D:0011H         SYMBOL        TIM_InitStructure
  -------         ENDDO         
  C:0497H         LINE#         149
  C:0497H         LINE#         150
  C:0497H         LINE#         152
  C:049AH         LINE#         153
  C:049DH         LINE#         154
  C:04A0H         LINE#         155
  C:04A3H         LINE#         156
  C:04A5H         LINE#         157
  C:04ABH         LINE#         159
  C:04AEH         LINE#         160
  -------         ENDPROC       TIMER_CONFIG
  -------         PROC          MAIN
  C:03AAH         LINE#         166
  C:03AAH         LINE#         167
  C:03AAH         LINE#         169
  C:03ADH         LINE#         170
  C:03AFH         LINE#         173
  C:03B2H         LINE#         177
  C:03B8H         LINE#         180
  C:03BCH         LINE#         192
  C:03BFH         LINE#         194
  C:03C1H         LINE#         198
  C:03C1H         LINE#         199
  C:03C1H         LINE#         200
BL51 BANKED LINKER/LOCATER V6.22                                                      11/25/2018  22:59:04  PAGE 5


  C:03C4H         LINE#         207
  C:03D2H         LINE#         208
  C:03D2H         LINE#         209
  C:03D2H         LINE#         210
  C:03D2H         LINE#         211
  C:03D2H         LINE#         212
  C:03E5H         LINE#         214
  C:03E5H         LINE#         215
  C:03E8H         LINE#         216
  C:03E8H         LINE#         217
  C:03E8H         LINE#         218
  -------         ENDPROC       MAIN
  -------         PROC          KEY_SCAN
  C:03EAH         LINE#         230
  C:03EAH         LINE#         234
  C:03EDH         LINE#         235
  C:03F4H         LINE#         236
  C:03F7H         LINE#         239
  C:03FAH         LINE#         240
  C:03FFH         LINE#         241
  C:03FFH         LINE#         244
  C:0402H         LINE#         245
  C:0409H         LINE#         246
  C:040CH         LINE#         250
  C:0418H         LINE#         251
  C:041BH         LINE#         253
  C:0420H         LINE#         254
  C:0420H         LINE#         284
  -------         ENDPROC       KEY_SCAN
  -------         PROC          _L2SHOWWITHNUM
  D:0011H         SYMBOL        num
  -------         DO            
  D:0012H         SYMBOL        i
  -------         ENDDO         
  C:0421H         LINE#         297
  C:0423H         LINE#         298
  C:0423H         LINE#         302
  C:0435H         LINE#         303
  C:0435H         LINE#         304
  C:043CH         LINE#         305
  C:043EH         LINE#         306
  C:0445H         LINE#         307
  C:0447H         LINE#         309
  C:0451H         LINE#         310
  -------         ENDPROC       _L2SHOWWITHNUM
  -------         PROC          MOTOSTART
  C:04E3H         LINE#         318
  C:04E3H         LINE#         321
  C:04E5H         LINE#         322
  C:04E7H         LINE#         324
  C:04EEH         LINE#         326
  C:04F0H         LINE#         328
  C:04F2H         LINE#         329
  C:04F7H         LINE#         332
  -------         ENDPROC       MOTOSTART
  -------         PROC          SECONDACTION
  C:04F8H         LINE#         350
BL51 BANKED LINKER/LOCATER V6.22                                                      11/25/2018  22:59:04  PAGE 6


  C:04F8H         LINE#         354
  C:0502H         LINE#         355
  C:0504H         LINE#         356
  C:050AH         LINE#         357
  C:050CH         LINE#         358
  C:050CH         LINE#         359
  -------         ENDPROC       SECONDACTION
  -------         PROC          TIMER0_INT
  C:0154H         LINE#         363
  C:0171H         LINE#         365
  C:017CH         LINE#         373
  C:0187H         LINE#         374
  C:018DH         LINE#         376
  C:0190H         LINE#         378
  C:0192H         LINE#         380
  C:0199H         LINE#         382
  C:019CH         LINE#         386
  C:01AAH         LINE#         387
  C:01AAH         LINE#         389
  C:01ACH         LINE#         392
  C:01AEH         LINE#         393
  C:01AEH         LINE#         394
  C:01B0H         LINE#         395
  C:01B0H         LINE#         398
  C:01B2H         LINE#         400
  C:01B9H         LINE#         403
  C:01BCH         LINE#         404
  C:01BEH         LINE#         406
  C:01C4H         LINE#         409
  C:01C7H         LINE#         411
  C:01C7H         LINE#         413
  C:01C7H         LINE#         414
  C:01C7H         LINE#         415
  C:01C7H         LINE#         416
  -------         ENDPROC       TIMER0_INT
  -------         PROC          INT0_INT
  C:0517H         LINE#         425
  C:0517H         LINE#         430
  C:0519H         LINE#         431
  C:051CH         LINE#         435
  C:051EH         LINE#         438
  -------         ENDPROC       INT0_INT
  -------         PROC          INT1_INT
  C:04B7H         LINE#         441
  C:04B7H         LINE#         444
  C:04B9H         LINE#         447
  C:04BBH         LINE#         449
  C:04BEH         LINE#         450
  C:04BEH         LINE#         451
  C:04C1H         LINE#         453
  C:04C1H         LINE#         455
  C:04C4H         LINE#         456
  C:04C7H         LINE#         461
  C:04CAH         LINE#         462
  C:04CCH         LINE#         464
  -------         ENDPROC       INT1_INT
  -------         PROC          LVD_ISR
BL51 BANKED LINKER/LOCATER V6.22                                                      11/25/2018  22:59:04  PAGE 7


  C:050DH         LINE#         484
  C:050DH         LINE#         487
  C:050FH         LINE#         488
  C:0511H         LINE#         489
  C:0513H         LINE#         491
  C:0516H         LINE#         494
  -------         ENDPROC       LVD_ISR
  -------         ENDMOD        MAIN

  -------         MODULE        TIMER
  C:0000H         SYMBOL        _ICE_DUMMY_
  D:00A8H         PUBLIC        IE
  D:00B8H         PUBLIC        IP
  D:0089H         PUBLIC        TMOD
  D:0088H         PUBLIC        TCON
  C:0036H         PUBLIC        _Timer_Inilize
  D:008EH         PUBLIC        AUXR
  B:00A8H.1       PUBLIC        ET0
  B:00A8H.3       PUBLIC        ET1
  D:008CH         PUBLIC        TH0
  D:008DH         PUBLIC        TH1
  D:008AH         PUBLIC        TL0
  D:008BH         PUBLIC        TL1
  B:00B8H.1       PUBLIC        PT0
  B:00B8H.3       PUBLIC        PT1
  B:0088H.4       PUBLIC        TR0
  B:0088H.6       PUBLIC        TR1
  D:008FH         PUBLIC        INT_CLKO
  -------         PROC          _TIMER_INILIZE
  D:0005H         SYMBOL        TIM
  D:0001H         SYMBOL        TIMx
  C:0036H         LINE#         44
  C:0038H         LINE#         45
  C:0038H         LINE#         46
  C:0041H         LINE#         48
  C:0047H         LINE#         49
  C:0047H         LINE#         50
  C:0049H         LINE#         51
  C:0056H         LINE#         52
  C:0058H         LINE#         53
  C:0065H         LINE#         54
  C:0067H         LINE#         55
  C:0073H         LINE#         56
  C:007AH         LINE#         57
  C:0087H         LINE#         58
  C:008DH         LINE#         59
  C:0096H         LINE#         60
  C:0099H         LINE#         61
  C:00A7H         LINE#         62
  C:00AAH         LINE#         64
  C:00B4H         LINE#         65
  C:00BCH         LINE#         66
  C:00C7H         LINE#         67
  C:00CAH         LINE#         68
  C:00CAH         LINE#         70
  C:00D2H         LINE#         71
  C:00D2H         LINE#         72
BL51 BANKED LINKER/LOCATER V6.22                                                      11/25/2018  22:59:04  PAGE 8


  C:00D4H         LINE#         73
  C:00E1H         LINE#         74
  C:00E3H         LINE#         75
  C:00F0H         LINE#         76
  C:00F2H         LINE#         77
  C:00FEH         LINE#         78
  C:0105H         LINE#         79
  C:0112H         LINE#         80
  C:0118H         LINE#         81
  C:0121H         LINE#         82
  C:0124H         LINE#         83
  C:0132H         LINE#         84
  C:0135H         LINE#         86
  C:0141H         LINE#         87
  C:0143H         LINE#         88
  C:014EH         LINE#         89
  C:0151H         LINE#         90
  C:0151H         LINE#         110
  C:0153H         LINE#         111
  -------         ENDPROC       _TIMER_INILIZE
  -------         ENDMOD        TIMER

  -------         MODULE        DELAY
  C:0000H         SYMBOL        _ICE_DUMMY_
  D:00A8H         PUBLIC        IE
  D:00B8H         PUBLIC        IP
  D:0088H         PUBLIC        TCON
  C:0016H         PUBLIC        _delay_ms
  -------         PROC          _DELAY_MS
  D:0006H         SYMBOL        ms
  -------         DO            
  D:0004H         SYMBOL        i
  -------         ENDDO         
  C:0016H         LINE#         33
  C:0016H         LINE#         34
  C:0016H         LINE#         36
  C:0016H         LINE#         37
  C:001AH         LINE#         38
  C:0023H         LINE#         39
  C:002CH         LINE#         40
  -------         ENDPROC       _DELAY_MS
  -------         ENDMOD        DELAY

  -------         MODULE        EXTI
  C:0000H         SYMBOL        _ICE_DUMMY_
  D:00A8H         PUBLIC        IE
  D:00B8H         PUBLIC        IP
  D:0088H         PUBLIC        TCON
  B:00A8H.0       PUBLIC        EX0
  B:0088H.0       PUBLIC        IT0
  B:00A8H.2       PUBLIC        EX1
  B:0088H.2       PUBLIC        IT1
  B:00B8H.0       PUBLIC        PX0
  B:00B8H.2       PUBLIC        PX1
  C:02ECH         PUBLIC        _Ext_Inilize
  -------         PROC          _EXT_INILIZE
  D:0007H         SYMBOL        EXT
BL51 BANKED LINKER/LOCATER V6.22                                                      11/25/2018  22:59:04  PAGE 9


  D:0001H         SYMBOL        INTx
  C:02ECH         LINE#         50
  C:02ECH         LINE#         51
  C:02ECH         LINE#         52
  C:02F5H         LINE#         54
  C:02F8H         LINE#         55
  C:02F8H         LINE#         56
  C:0305H         LINE#         57
  C:0307H         LINE#         58
  C:0314H         LINE#         59
  C:0316H         LINE#         60
  C:0320H         LINE#         61
  C:0322H         LINE#         62
  C:0325H         LINE#         63
  C:0325H         LINE#         65
  C:032AH         LINE#         66
  C:032AH         LINE#         67
  C:0337H         LINE#         68
  C:0339H         LINE#         69
  C:0346H         LINE#         70
  C:0348H         LINE#         71
  C:0352H         LINE#         72
  C:0354H         LINE#         73
  C:0357H         LINE#         74
  C:0357H         LINE#         97
  C:0359H         LINE#         98
  -------         ENDPROC       _EXT_INILIZE
  -------         ENDMOD        EXTI

  -------         MODULE        ?C?CLDPTR
  C:026EH         PUBLIC        ?C?CLDPTR
  -------         ENDMOD        ?C?CLDPTR

  -------         MODULE        ?C?CLDOPTR
  C:0287H         PUBLIC        ?C?CLDOPTR
  -------         ENDMOD        ?C?CLDOPTR

  -------         MODULE        ?C?ILDOPTR
  C:02B4H         PUBLIC        ?C?ILDOPTR
  -------         ENDMOD        ?C?ILDOPTR

*** WARNING L16: UNCALLED SEGMENT, IGNORED FOR OVERLAY PROCESS
    SEGMENT: ?PR?EXTI_CONFIG?MAIN

Program Size: data=29.0 xdata=0 code=1295
LINK/LOCATE RUN COMPLETE.  1 WARNING(S),  0 ERROR(S)
