BL51 BANKED LINKER/LOCATER V6.22                                                        11/18/2018  23:28:46  PAGE 1


BL51 BANKED LINKER/LOCATER V6.22, INVOKED BY:
C:\KEIL\C51\BIN\BL51.EXE GPIO.obj, main.obj, timer.obj, delay.obj, Exti.obj TO timer PRINT (.\list\timer.m51) RAMSIZE (2
>> 56)


MEMORY MODEL: SMALL


INPUT MODULES INCLUDED:
  GPIO.obj (GPIO)
  main.obj (MAIN)
  timer.obj (TIMER)
  delay.obj (DELAY)
  Exti.obj (EXTI)
  C:\KEIL\C51\LIB\C51S.LIB (?C_STARTUP)
  C:\KEIL\C51\LIB\C51S.LIB (?C?CLDPTR)
  C:\KEIL\C51\LIB\C51S.LIB (?C?CLDOPTR)
  C:\KEIL\C51\LIB\C51S.LIB (?C?ILDOPTR)
  C:\KEIL\C51\LIB\C51S.LIB (?C_INIT)


LINK MAP OF MODULE:  timer (GPIO)


            TYPE    BASE      LENGTH    RELOCATION   SEGMENT NAME
            -----------------------------------------------------

            * * * * * * *   D A T A   M E M O R Y   * * * * * * *
            REG     0000H     0008H     ABSOLUTE     "REG BANK 0"
            DATA    0008H     0009H     UNIT         ?DT?MAIN
            DATA    0011H     0008H     UNIT         _DATA_GROUP_
            DATA    0019H     0003H     UNIT         ?DT?EXTI_CONFIG?MAIN
            IDATA   001CH     0001H     UNIT         ?STACK

            * * * * * * *   C O D E   M E M O R Y   * * * * * * *
            CODE    0000H     0003H     ABSOLUTE     
            CODE    0003H     0003H     ABSOLUTE     
                    0006H     0005H                  *** GAP ***
            CODE    000BH     0003H     ABSOLUTE     
                    000EH     0005H                  *** GAP ***
            CODE    0013H     0003H     ABSOLUTE     
            CODE    0016H     0017H     UNIT         ?PR?_DELAY_MS?DELAY
                    002DH     0006H                  *** GAP ***
            CODE    0033H     0003H     ABSOLUTE     
            CODE    0036H     011EH     UNIT         ?PR?_TIMER_INILIZE?TIMER
            CODE    0154H     008CH     UNIT         ?C_C51STARTUP
            CODE    01E0H     007EH     UNIT         ?C?LIB_CODE
            CODE    025EH     006EH     UNIT         ?PR?_EXT_INILIZE?EXTI
            CODE    02CCH     0050H     UNIT         ?PR?_GPIO_INILIZE?GPIO
            CODE    031CH     004EH     UNIT         ?PR?TIMER0_INT?MAIN
            CODE    036AH     0040H     UNIT         ?PR?MAIN?MAIN
            CODE    03AAH     0031H     UNIT         ?PR?_L2SHOWWITHNUM?MAIN
            CODE    03DBH     0026H     UNIT         ?PR?KEY_SCAN?MAIN
            CODE    0401H     0024H     UNIT         ?PR?EXTI_CONFIG?MAIN
            CODE    0425H     0021H     UNIT         ?PR?GPIO_CONFIG?MAIN
            CODE    0446H     0020H     UNIT         ?PR?TIMER_CONFIG?MAIN
            CODE    0466H     0016H     UNIT         ?PR?INT1_INT?MAIN
            CODE    047CH     0016H     UNIT         ?C_INITSEG
BL51 BANKED LINKER/LOCATER V6.22                                                      11/18/2018  23:28:46  PAGE 2


            CODE    0492H     0015H     UNIT         ?PR?MOTOSTART?MAIN
            CODE    04A7H     0010H     UNIT         ?PR?SECONDACTION?MAIN
            CODE    04B7H     000AH     UNIT         ?PR?LVD_ISR?MAIN
            CODE    04C1H     0008H     UNIT         ?PR?INT0_INT?MAIN



OVERLAY MAP OF MODULE:   timer (GPIO)


SEGMENT                            DATA_GROUP 
  +--> CALLED SEGMENT            START    LENGTH
------------------------------------------------
?PR?TIMER0_INT?MAIN              -----    -----
  +--> ?PR?SECONDACTION?MAIN

*** NEW ROOT ***************************************************

?C_C51STARTUP                    -----    -----
  +--> ?PR?MAIN?MAIN
  +--> ?C_INITSEG

?PR?MAIN?MAIN                    -----    -----
  +--> ?PR?GPIO_CONFIG?MAIN
  +--> ?PR?TIMER_CONFIG?MAIN
  +--> ?PR?KEY_SCAN?MAIN
  +--> ?PR?MOTOSTART?MAIN

?PR?GPIO_CONFIG?MAIN             0011H    0002H
  +--> ?PR?_GPIO_INILIZE?GPIO

?PR?TIMER_CONFIG?MAIN            0011H    0008H
  +--> ?PR?_TIMER_INILIZE?TIMER

?PR?KEY_SCAN?MAIN                -----    -----
  +--> ?PR?MOTOSTART?MAIN
  +--> ?PR?_L2SHOWWITHNUM?MAIN

?PR?MOTOSTART?MAIN               -----    -----
  +--> ?PR?_DELAY_MS?DELAY

?PR?_L2SHOWWITHNUM?MAIN          0011H    0003H
  +--> ?PR?_DELAY_MS?DELAY



SYMBOL TABLE OF MODULE:  timer (GPIO)

  VALUE           TYPE          NAME
  ----------------------------------

  -------         MODULE        GPIO
  C:0000H         SYMBOL        _ICE_DUMMY_
  D:00B2H         PUBLIC        P3M0
  D:00B1H         PUBLIC        P3M1
  D:00A8H         PUBLIC        IE
  D:00B8H         PUBLIC        IP
BL51 BANKED LINKER/LOCATER V6.22                                                      11/18/2018  23:28:46  PAGE 3


  D:0088H         PUBLIC        TCON
  C:02CCH         PUBLIC        _GPIO_Inilize
  -------         PROC          _GPIO_INILIZE
  D:0007H         SYMBOL        GPIO
  D:0001H         SYMBOL        GPIOx
  C:02CCH         LINE#         31
  C:02CCH         LINE#         32
  C:02CCH         LINE#         37
  C:02D1H         LINE#         38
  C:02D1H         LINE#         39
  C:02E4H         LINE#         40
  C:02F5H         LINE#         41
  C:0308H         LINE#         42
  C:0319H         LINE#         43
  C:0319H         LINE#         45
  C:031BH         LINE#         46
  -------         ENDPROC       _GPIO_INILIZE
  -------         ENDMOD        GPIO

  -------         MODULE        MAIN
  C:0000H         SYMBOL        _ICE_DUMMY_
  C:031CH         PUBLIC        timer0_int
  D:00B0H         PUBLIC        P3
  B:00A8H.7       PUBLIC        EA
  B:00B0H.2       PUBLIC        ioInKeyForMoto
  D:0008H         PUBLIC        g_hour
  C:0425H         PUBLIC        GPIO_config
  D:00A8H         PUBLIC        IE
  C:03AAH         PUBLIC        _l2ShowWithNum
  C:0401H         PUBLIC        EXTI_config
  D:00B8H         PUBLIC        IP
  C:036AH         PUBLIC        main
  B:00A8H.6       PUBLIC        ELVD
  B:00B0H.0       PUBLIC        ioOutForL1Green
  D:0087H         PUBLIC        PCON
  D:0009H         PUBLIC        g_allKeyState
  D:0088H         PUBLIC        TCON
  C:04B7H         PUBLIC        LVD_ISR
  B:0088H.1       PUBLIC        IE0
  B:0088H.3       PUBLIC        IE1
  D:000BH         PUBLIC        g_second
  C:04C1H         PUBLIC        INT0_int
  C:0466H         PUBLIC        INT1_int
  B:00A8H.0       PUBLIC        EX0
  B:00A8H.2       PUBLIC        EX1
  C:03DBH         PUBLIC        key_scan
  D:000CH         PUBLIC        g_moto_run_time
  C:0492H         PUBLIC        motoStart
  B:00B0H.1       PUBLIC        ioOutForL2Red
  D:000EH         PUBLIC        g_minute
  C:0446H         PUBLIC        Timer_config
  C:04A7H         PUBLIC        secondAction
  D:000FH         PUBLIC        g_millisecond
  B:00B0H.5       PUBLIC        ioOutForMotoPower
  B:00B0H.3       PUBLIC        ioInKeyForTime
  -------         PROC          EXTI_CONFIG
  -------         DO            
BL51 BANKED LINKER/LOCATER V6.22                                                      11/18/2018  23:28:46  PAGE 4


  D:0019H         SYMBOL        EXTI_InitStructure
  -------         ENDDO         
  C:0401H         LINE#         105
  C:0401H         LINE#         106
  C:0401H         LINE#         110
  C:0404H         LINE#         111
  C:0407H         LINE#         112
  C:040AH         LINE#         113
  C:0415H         LINE#         116
  C:0418H         LINE#         117
  C:041BH         LINE#         119
  -------         ENDPROC       EXTI_CONFIG
  -------         PROC          GPIO_CONFIG
  -------         DO            
  D:0011H         SYMBOL        GPIO_InitStructure
  -------         ENDDO         
  C:0425H         LINE#         133
  C:0425H         LINE#         134
  C:0425H         LINE#         136
  C:0428H         LINE#         138
  C:042BH         LINE#         139
  C:0436H         LINE#         142
  C:0439H         LINE#         143
  C:043CH         LINE#         144
  -------         ENDPROC       GPIO_CONFIG
  -------         PROC          TIMER_CONFIG
  -------         DO            
  D:0011H         SYMBOL        TIM_InitStructure
  -------         ENDDO         
  C:0446H         LINE#         149
  C:0446H         LINE#         150
  C:0446H         LINE#         152
  C:0449H         LINE#         153
  C:044CH         LINE#         154
  C:044FH         LINE#         155
  C:0452H         LINE#         156
  C:0454H         LINE#         157
  C:045AH         LINE#         159
  C:045DH         LINE#         160
  -------         ENDPROC       TIMER_CONFIG
  -------         PROC          MAIN
  C:036AH         LINE#         166
  C:036AH         LINE#         167
  C:036AH         LINE#         169
  C:036DH         LINE#         170
  C:036FH         LINE#         173
  C:0372H         LINE#         177
  C:0378H         LINE#         180
  C:037CH         LINE#         192
  C:037FH         LINE#         194
  C:0381H         LINE#         198
  C:0381H         LINE#         199
  C:0381H         LINE#         200
  C:0384H         LINE#         207
  C:0392H         LINE#         208
  C:0392H         LINE#         209
  C:0392H         LINE#         210
BL51 BANKED LINKER/LOCATER V6.22                                                      11/18/2018  23:28:46  PAGE 5


  C:0392H         LINE#         211
  C:0392H         LINE#         212
  C:03A5H         LINE#         214
  C:03A5H         LINE#         215
  C:03A8H         LINE#         216
  C:03A8H         LINE#         217
  C:03A8H         LINE#         218
  -------         ENDPROC       MAIN
  -------         PROC          KEY_SCAN
  C:03DBH         LINE#         230
  C:03DBH         LINE#         234
  C:03DEH         LINE#         236
  C:03E1H         LINE#         239
  C:03E4H         LINE#         240
  C:03E9H         LINE#         241
  C:03E9H         LINE#         244
  C:03ECH         LINE#         246
  C:03EFH         LINE#         249
  C:03F2H         LINE#         250
  C:03FBH         LINE#         252
  C:0400H         LINE#         253
  C:0400H         LINE#         283
  -------         ENDPROC       KEY_SCAN
  -------         PROC          _L2SHOWWITHNUM
  D:0011H         SYMBOL        num
  -------         DO            
  D:0012H         SYMBOL        i
  -------         ENDDO         
  C:03AAH         LINE#         296
  C:03ACH         LINE#         297
  C:03ACH         LINE#         301
  C:03BEH         LINE#         302
  C:03BEH         LINE#         303
  C:03C5H         LINE#         304
  C:03C7H         LINE#         305
  C:03CEH         LINE#         306
  C:03D0H         LINE#         308
  C:03DAH         LINE#         309
  -------         ENDPROC       _L2SHOWWITHNUM
  -------         PROC          MOTOSTART
  C:0492H         LINE#         317
  C:0492H         LINE#         320
  C:0494H         LINE#         321
  C:0496H         LINE#         323
  C:049DH         LINE#         325
  C:049FH         LINE#         327
  C:04A1H         LINE#         328
  C:04A6H         LINE#         331
  -------         ENDPROC       MOTOSTART
  -------         PROC          SECONDACTION
  C:04A7H         LINE#         349
  C:04A7H         LINE#         353
  C:04B1H         LINE#         354
  C:04B3H         LINE#         357
  C:04B4H         LINE#         358
  C:04B4H         LINE#         359
  C:04B6H         LINE#         360
BL51 BANKED LINKER/LOCATER V6.22                                                      11/18/2018  23:28:46  PAGE 6


  C:04B6H         LINE#         362
  -------         ENDPROC       SECONDACTION
  -------         PROC          TIMER0_INT
  C:031CH         LINE#         366
  C:0322H         LINE#         368
  C:032DH         LINE#         372
  C:032DH         LINE#         374
  C:032DH         LINE#         376
  C:0338H         LINE#         377
  C:033EH         LINE#         379
  C:0341H         LINE#         381
  C:0343H         LINE#         383
  C:034AH         LINE#         389
  C:034DH         LINE#         390
  C:034FH         LINE#         392
  C:0355H         LINE#         395
  C:0358H         LINE#         396
  C:035AH         LINE#         398
  C:0360H         LINE#         401
  C:0363H         LINE#         403
  C:0363H         LINE#         405
  C:0363H         LINE#         406
  C:0363H         LINE#         407
  C:0363H         LINE#         408
  -------         ENDPROC       TIMER0_INT
  -------         PROC          INT0_INT
  C:04C1H         LINE#         417
  C:04C1H         LINE#         422
  C:04C3H         LINE#         423
  C:04C6H         LINE#         427
  C:04C8H         LINE#         430
  -------         ENDPROC       INT0_INT
  -------         PROC          INT1_INT
  C:0466H         LINE#         433
  C:0466H         LINE#         436
  C:0468H         LINE#         439
  C:046AH         LINE#         441
  C:046DH         LINE#         442
  C:046DH         LINE#         443
  C:0470H         LINE#         445
  C:0470H         LINE#         447
  C:0473H         LINE#         448
  C:0476H         LINE#         453
  C:0479H         LINE#         454
  C:047BH         LINE#         456
  -------         ENDPROC       INT1_INT
  -------         PROC          LVD_ISR
  C:04B7H         LINE#         476
  C:04B7H         LINE#         479
  C:04B9H         LINE#         480
  C:04BBH         LINE#         481
  C:04BDH         LINE#         483
  C:04C0H         LINE#         486
  -------         ENDPROC       LVD_ISR
  -------         ENDMOD        MAIN

  -------         MODULE        TIMER
BL51 BANKED LINKER/LOCATER V6.22                                                      11/18/2018  23:28:46  PAGE 7


  C:0000H         SYMBOL        _ICE_DUMMY_
  D:00A8H         PUBLIC        IE
  D:00B8H         PUBLIC        IP
  D:0089H         PUBLIC        TMOD
  D:0088H         PUBLIC        TCON
  C:0036H         PUBLIC        _Timer_Inilize
  D:008EH         PUBLIC        AUXR
  B:00A8H.1       PUBLIC        ET0
  B:00A8H.3       PUBLIC        ET1
  D:008CH         PUBLIC        TH0
  D:008DH         PUBLIC        TH1
  D:008AH         PUBLIC        TL0
  D:008BH         PUBLIC        TL1
  B:00B8H.1       PUBLIC        PT0
  B:00B8H.3       PUBLIC        PT1
  B:0088H.4       PUBLIC        TR0
  B:0088H.6       PUBLIC        TR1
  D:008FH         PUBLIC        INT_CLKO
  -------         PROC          _TIMER_INILIZE
  D:0005H         SYMBOL        TIM
  D:0001H         SYMBOL        TIMx
  C:0036H         LINE#         44
  C:0038H         LINE#         45
  C:0038H         LINE#         46
  C:0041H         LINE#         48
  C:0047H         LINE#         49
  C:0047H         LINE#         50
  C:0049H         LINE#         51
  C:0056H         LINE#         52
  C:0058H         LINE#         53
  C:0065H         LINE#         54
  C:0067H         LINE#         55
  C:0073H         LINE#         56
  C:007AH         LINE#         57
  C:0087H         LINE#         58
  C:008DH         LINE#         59
  C:0096H         LINE#         60
  C:0099H         LINE#         61
  C:00A7H         LINE#         62
  C:00AAH         LINE#         64
  C:00B4H         LINE#         65
  C:00BCH         LINE#         66
  C:00C7H         LINE#         67
  C:00CAH         LINE#         68
  C:00CAH         LINE#         70
  C:00D2H         LINE#         71
  C:00D2H         LINE#         72
  C:00D4H         LINE#         73
  C:00E1H         LINE#         74
  C:00E3H         LINE#         75
  C:00F0H         LINE#         76
  C:00F2H         LINE#         77
  C:00FEH         LINE#         78
  C:0105H         LINE#         79
  C:0112H         LINE#         80
  C:0118H         LINE#         81
  C:0121H         LINE#         82
BL51 BANKED LINKER/LOCATER V6.22                                                      11/18/2018  23:28:46  PAGE 8


  C:0124H         LINE#         83
  C:0132H         LINE#         84
  C:0135H         LINE#         86
  C:0141H         LINE#         87
  C:0143H         LINE#         88
  C:014EH         LINE#         89
  C:0151H         LINE#         90
  C:0151H         LINE#         110
  C:0153H         LINE#         111
  -------         ENDPROC       _TIMER_INILIZE
  -------         ENDMOD        TIMER

  -------         MODULE        DELAY
  C:0000H         SYMBOL        _ICE_DUMMY_
  D:00A8H         PUBLIC        IE
  D:00B8H         PUBLIC        IP
  D:0088H         PUBLIC        TCON
  C:0016H         PUBLIC        _delay_ms
  -------         PROC          _DELAY_MS
  D:0006H         SYMBOL        ms
  -------         DO            
  D:0004H         SYMBOL        i
  -------         ENDDO         
  C:0016H         LINE#         33
  C:0016H         LINE#         34
  C:0016H         LINE#         36
  C:0016H         LINE#         37
  C:001AH         LINE#         38
  C:0023H         LINE#         39
  C:002CH         LINE#         40
  -------         ENDPROC       _DELAY_MS
  -------         ENDMOD        DELAY

  -------         MODULE        EXTI
  C:0000H         SYMBOL        _ICE_DUMMY_
  D:00A8H         PUBLIC        IE
  D:00B8H         PUBLIC        IP
  D:0088H         PUBLIC        TCON
  B:00A8H.0       PUBLIC        EX0
  B:0088H.0       PUBLIC        IT0
  B:00A8H.2       PUBLIC        EX1
  B:0088H.2       PUBLIC        IT1
  B:00B8H.0       PUBLIC        PX0
  B:00B8H.2       PUBLIC        PX1
  C:025EH         PUBLIC        _Ext_Inilize
  -------         PROC          _EXT_INILIZE
  D:0007H         SYMBOL        EXT
  D:0001H         SYMBOL        INTx
  C:025EH         LINE#         50
  C:025EH         LINE#         51
  C:025EH         LINE#         52
  C:0267H         LINE#         54
  C:026AH         LINE#         55
  C:026AH         LINE#         56
  C:0277H         LINE#         57
  C:0279H         LINE#         58
  C:0286H         LINE#         59
BL51 BANKED LINKER/LOCATER V6.22                                                      11/18/2018  23:28:46  PAGE 9


  C:0288H         LINE#         60
  C:0292H         LINE#         61
  C:0294H         LINE#         62
  C:0297H         LINE#         63
  C:0297H         LINE#         65
  C:029CH         LINE#         66
  C:029CH         LINE#         67
  C:02A9H         LINE#         68
  C:02ABH         LINE#         69
  C:02B8H         LINE#         70
  C:02BAH         LINE#         71
  C:02C4H         LINE#         72
  C:02C6H         LINE#         73
  C:02C9H         LINE#         74
  C:02C9H         LINE#         97
  C:02CBH         LINE#         98
  -------         ENDPROC       _EXT_INILIZE
  -------         ENDMOD        EXTI

  -------         MODULE        ?C?CLDPTR
  C:01E0H         PUBLIC        ?C?CLDPTR
  -------         ENDMOD        ?C?CLDPTR

  -------         MODULE        ?C?CLDOPTR
  C:01F9H         PUBLIC        ?C?CLDOPTR
  -------         ENDMOD        ?C?CLDOPTR

  -------         MODULE        ?C?ILDOPTR
  C:0226H         PUBLIC        ?C?ILDOPTR
  -------         ENDMOD        ?C?ILDOPTR

*** WARNING L16: UNCALLED SEGMENT, IGNORED FOR OVERLAY PROCESS
    SEGMENT: ?PR?EXTI_CONFIG?MAIN

Program Size: data=29.0 xdata=0 code=1209
LINK/LOCATE RUN COMPLETE.  1 WARNING(S),  0 ERROR(S)
