BL51 BANKED LINKER/LOCATER V6.22                                                        11/04/2018  22:12:37  PAGE 1


BL51 BANKED LINKER/LOCATER V6.22, INVOKED BY:
C:\KEIL\C51\BIN\BL51.EXE GPIO.obj, main.obj, timer.obj, delay.obj, Exti.obj TO timer PRINT (.\list\timer.m51) RAMSIZE (2
>> 56)


MEMORY MODEL: SMALL


INPUT MODULES INCLUDED:
  GPIO.obj (GPIO)
  main.obj (MAIN)
  timer.obj (TIMER)
  delay.obj (DELAY)
  Exti.obj (EXTI)
  C:\KEIL\C51\LIB\C51S.LIB (?C_STARTUP)
  C:\KEIL\C51\LIB\C51S.LIB (?C?CLDPTR)
  C:\KEIL\C51\LIB\C51S.LIB (?C?CLDOPTR)
  C:\KEIL\C51\LIB\C51S.LIB (?C?ILDOPTR)
  C:\KEIL\C51\LIB\C51S.LIB (?C_INIT)


LINK MAP OF MODULE:  timer (GPIO)


            TYPE    BASE      LENGTH    RELOCATION   SEGMENT NAME
            -----------------------------------------------------

            * * * * * * *   D A T A   M E M O R Y   * * * * * * *
            REG     0000H     0008H     ABSOLUTE     "REG BANK 0"
            DATA    0008H     0009H     UNIT         ?DT?MAIN
            DATA    0011H     0008H     UNIT         _DATA_GROUP_
            IDATA   0019H     0001H     UNIT         ?STACK

            * * * * * * *   C O D E   M E M O R Y   * * * * * * *
            CODE    0000H     0003H     ABSOLUTE     
            CODE    0003H     0003H     ABSOLUTE     
                    0006H     0005H                  *** GAP ***
            CODE    000BH     0003H     ABSOLUTE     
                    000EH     0005H                  *** GAP ***
            CODE    0013H     0003H     ABSOLUTE     
            CODE    0016H     0017H     UNIT         ?PR?_DELAY_MS?DELAY
                    002DH     0006H                  *** GAP ***
            CODE    0033H     0003H     ABSOLUTE     
            CODE    0036H     011EH     UNIT         ?PR?_TIMER_INILIZE?TIMER
            CODE    0154H     008CH     UNIT         ?C_C51STARTUP
            CODE    01E0H     007EH     UNIT         ?C?LIB_CODE
            CODE    025EH     006EH     UNIT         ?PR?_EXT_INILIZE?EXTI
            CODE    02CCH     0051H     UNIT         ?PR?TIMER0_INT?MAIN
            CODE    031DH     0050H     UNIT         ?PR?_GPIO_INILIZE?GPIO
            CODE    036DH     0043H     UNIT         ?PR?MAIN?MAIN
            CODE    03B0H     003FH     UNIT         ?PR?MILLIACTION?MAIN
            CODE    03EFH     0031H     UNIT         ?PR?_L2SHOWWITHNUM?MAIN
            CODE    0420H     0029H     UNIT         ?PR?KEY_SCAN?MAIN
            CODE    0449H     0024H     UNIT         ?PR?EXTI_CONFIG?MAIN
            CODE    046DH     0021H     UNIT         ?PR?GPIO_CONFIG?MAIN
            CODE    048EH     0020H     UNIT         ?PR?TIMER_CONFIG?MAIN
            CODE    04AEH     0016H     UNIT         ?C_INITSEG
            CODE    04C4H     0010H     UNIT         ?PR?SECONDACTION?MAIN
BL51 BANKED LINKER/LOCATER V6.22                                                      11/04/2018  22:12:37  PAGE 2


            CODE    04D4H     000DH     UNIT         ?PR?INT1_INT?MAIN
            CODE    04E1H     000BH     UNIT         ?PR?INT0_INT?MAIN
            CODE    04ECH     000AH     UNIT         ?PR?LVD_ISR?MAIN
            CODE    04F6H     0009H     UNIT         ?PR?MOTOSTART?MAIN



OVERLAY MAP OF MODULE:   timer (GPIO)


SEGMENT                            DATA_GROUP 
  +--> CALLED SEGMENT            START    LENGTH
------------------------------------------------
?PR?TIMER0_INT?MAIN              -----    -----
  +--> ?PR?MILLIACTION?MAIN
  +--> ?PR?SECONDACTION?MAIN

*** NEW ROOT ***************************************************

?C_C51STARTUP                    -----    -----
  +--> ?PR?MAIN?MAIN
  +--> ?C_INITSEG

?PR?MAIN?MAIN                    -----    -----
  +--> ?PR?GPIO_CONFIG?MAIN
  +--> ?PR?EXTI_CONFIG?MAIN
  +--> ?PR?TIMER_CONFIG?MAIN
  +--> ?PR?KEY_SCAN?MAIN
  +--> ?PR?MOTOSTART?MAIN

?PR?GPIO_CONFIG?MAIN             0011H    0002H
  +--> ?PR?_GPIO_INILIZE?GPIO

?PR?EXTI_CONFIG?MAIN             0011H    0003H
  +--> ?PR?_EXT_INILIZE?EXTI

?PR?TIMER_CONFIG?MAIN            0011H    0008H
  +--> ?PR?_TIMER_INILIZE?TIMER

?PR?KEY_SCAN?MAIN                -----    -----
  +--> ?PR?MOTOSTART?MAIN
  +--> ?PR?_L2SHOWWITHNUM?MAIN

?PR?_L2SHOWWITHNUM?MAIN          0011H    0003H
  +--> ?PR?_DELAY_MS?DELAY



SYMBOL TABLE OF MODULE:  timer (GPIO)

  VALUE           TYPE          NAME
  ----------------------------------

  -------         MODULE        GPIO
  C:0000H         SYMBOL        _ICE_DUMMY_
  D:00B2H         PUBLIC        P3M0
  D:00B1H         PUBLIC        P3M1
BL51 BANKED LINKER/LOCATER V6.22                                                      11/04/2018  22:12:37  PAGE 3


  D:00A8H         PUBLIC        IE
  D:00B8H         PUBLIC        IP
  D:0088H         PUBLIC        TCON
  C:031DH         PUBLIC        _GPIO_Inilize
  -------         PROC          _GPIO_INILIZE
  D:0007H         SYMBOL        GPIO
  D:0001H         SYMBOL        GPIOx
  C:031DH         LINE#         31
  C:031DH         LINE#         32
  C:031DH         LINE#         37
  C:0322H         LINE#         38
  C:0322H         LINE#         39
  C:0335H         LINE#         40
  C:0346H         LINE#         41
  C:0359H         LINE#         42
  C:036AH         LINE#         43
  C:036AH         LINE#         45
  C:036CH         LINE#         46
  -------         ENDPROC       _GPIO_INILIZE
  -------         ENDMOD        GPIO

  -------         MODULE        MAIN
  C:0000H         SYMBOL        _ICE_DUMMY_
  C:02CCH         PUBLIC        timer0_int
  D:00B0H         PUBLIC        P3
  B:00A8H.7       PUBLIC        EA
  B:00B0H.2       PUBLIC        ioInKeyForMoto
  D:0008H         PUBLIC        g_hour
  C:046DH         PUBLIC        GPIO_config
  D:00A8H         PUBLIC        IE
  C:03EFH         PUBLIC        _l2ShowWithNum
  C:0449H         PUBLIC        EXTI_config
  D:00B8H         PUBLIC        IP
  C:036DH         PUBLIC        main
  B:00A8H.6       PUBLIC        ELVD
  B:00B0H.0       PUBLIC        ioOutForL1Green
  D:0087H         PUBLIC        PCON
  D:0009H         PUBLIC        g_allKeyState
  D:0088H         PUBLIC        TCON
  C:04ECH         PUBLIC        LVD_ISR
  B:0088H.1       PUBLIC        IE0
  B:0088H.3       PUBLIC        IE1
  D:000BH         PUBLIC        g_second
  C:04E1H         PUBLIC        INT0_int
  C:04D4H         PUBLIC        INT1_int
  B:00A8H.0       PUBLIC        EX0
  B:00A8H.2       PUBLIC        EX1
  C:0420H         PUBLIC        key_scan
  D:000CH         PUBLIC        g_moto_run_time
  C:04F6H         PUBLIC        motoStart
  B:00B0H.1       PUBLIC        ioOutForL2Red
  D:000EH         PUBLIC        g_minute
  C:048EH         PUBLIC        Timer_config
  C:04C4H         PUBLIC        secondAction
  D:000FH         PUBLIC        g_millisecond
  B:00B0H.5       PUBLIC        ioOutForMotoPower
  B:00B0H.3       PUBLIC        ioInKeyForTime
BL51 BANKED LINKER/LOCATER V6.22                                                      11/04/2018  22:12:37  PAGE 4


  C:03B0H         PUBLIC        milliAction
  -------         PROC          EXTI_CONFIG
  -------         DO            
  D:0011H         SYMBOL        EXTI_InitStructure
  -------         ENDDO         
  C:0449H         LINE#         105
  C:0449H         LINE#         106
  C:0449H         LINE#         110
  C:044CH         LINE#         111
  C:044FH         LINE#         112
  C:0452H         LINE#         113
  C:045DH         LINE#         116
  C:0460H         LINE#         117
  C:0463H         LINE#         119
  -------         ENDPROC       EXTI_CONFIG
  -------         PROC          GPIO_CONFIG
  -------         DO            
  D:0011H         SYMBOL        GPIO_InitStructure
  -------         ENDDO         
  C:046DH         LINE#         133
  C:046DH         LINE#         134
  C:046DH         LINE#         136
  C:0470H         LINE#         138
  C:0473H         LINE#         139
  C:047EH         LINE#         142
  C:0481H         LINE#         143
  C:0484H         LINE#         144
  -------         ENDPROC       GPIO_CONFIG
  -------         PROC          TIMER_CONFIG
  -------         DO            
  D:0011H         SYMBOL        TIM_InitStructure
  -------         ENDDO         
  C:048EH         LINE#         149
  C:048EH         LINE#         150
  C:048EH         LINE#         152
  C:0491H         LINE#         153
  C:0494H         LINE#         154
  C:0497H         LINE#         155
  C:049AH         LINE#         156
  C:049CH         LINE#         157
  C:04A2H         LINE#         159
  C:04A5H         LINE#         160
  -------         ENDPROC       TIMER_CONFIG
  -------         PROC          MAIN
  C:036DH         LINE#         166
  C:036DH         LINE#         167
  C:036DH         LINE#         169
  C:0370H         LINE#         170
  C:0372H         LINE#         173
  C:0375H         LINE#         177
  C:037BH         LINE#         180
  C:037FH         LINE#         189
  C:0382H         LINE#         192
  C:0385H         LINE#         194
  C:0387H         LINE#         198
  C:0387H         LINE#         199
  C:0387H         LINE#         200
BL51 BANKED LINKER/LOCATER V6.22                                                      11/04/2018  22:12:37  PAGE 5


  C:038AH         LINE#         207
  C:0398H         LINE#         208
  C:0398H         LINE#         209
  C:0398H         LINE#         210
  C:0398H         LINE#         211
  C:0398H         LINE#         212
  C:03ABH         LINE#         214
  C:03ABH         LINE#         215
  C:03AEH         LINE#         216
  C:03AEH         LINE#         217
  C:03AEH         LINE#         218
  -------         ENDPROC       MAIN
  -------         PROC          KEY_SCAN
  C:0420H         LINE#         230
  C:0420H         LINE#         232
  C:0425H         LINE#         234
  C:0428H         LINE#         237
  C:042BH         LINE#         238
  C:0430H         LINE#         240
  C:0430H         LINE#         251
  C:0435H         LINE#         253
  C:0438H         LINE#         256
  C:043BH         LINE#         257
  C:0443H         LINE#         259
  C:0448H         LINE#         261
  C:0448H         LINE#         262
  -------         ENDPROC       KEY_SCAN
  -------         PROC          _L2SHOWWITHNUM
  D:0011H         SYMBOL        num
  -------         DO            
  D:0012H         SYMBOL        i
  -------         ENDDO         
  C:03EFH         LINE#         275
  C:03F1H         LINE#         276
  C:03F1H         LINE#         280
  C:0403H         LINE#         281
  C:0403H         LINE#         282
  C:040AH         LINE#         283
  C:040CH         LINE#         284
  C:0413H         LINE#         285
  C:0415H         LINE#         287
  C:041FH         LINE#         288
  -------         ENDPROC       _L2SHOWWITHNUM
  -------         PROC          MOTOSTART
  C:04F6H         LINE#         296
  C:04F6H         LINE#         299
  C:04F8H         LINE#         300
  C:04FEH         LINE#         303
  -------         ENDPROC       MOTOSTART
  -------         PROC          MILLIACTION
  C:03B0H         LINE#         305
  C:03B0H         LINE#         307
  C:03B9H         LINE#         309
  C:03BCH         LINE#         311
  C:03BCH         LINE#         312
  C:03C9H         LINE#         314
  C:03CEH         LINE#         315
BL51 BANKED LINKER/LOCATER V6.22                                                      11/04/2018  22:12:37  PAGE 6


  C:03D0H         LINE#         317
  C:03D2H         LINE#         318
  C:03D3H         LINE#         319
  C:03E0H         LINE#         320
  C:03E2H         LINE#         321
  C:03EEH         LINE#         322
  C:03EEH         LINE#         324
  -------         ENDPROC       MILLIACTION
  -------         PROC          SECONDACTION
  C:04C4H         LINE#         326
  C:04C4H         LINE#         330
  C:04CEH         LINE#         331
  C:04D0H         LINE#         334
  C:04D1H         LINE#         335
  C:04D1H         LINE#         336
  C:04D3H         LINE#         337
  C:04D3H         LINE#         339
  -------         ENDPROC       SECONDACTION
  -------         PROC          TIMER0_INT
  C:02CCH         LINE#         343
  C:02D2H         LINE#         345
  C:02DDH         LINE#         348
  C:02E0H         LINE#         350
  C:02EBH         LINE#         351
  C:02F1H         LINE#         353
  C:02F4H         LINE#         355
  C:02F6H         LINE#         357
  C:02FDH         LINE#         363
  C:0300H         LINE#         364
  C:0302H         LINE#         366
  C:0308H         LINE#         369
  C:030BH         LINE#         370
  C:030DH         LINE#         372
  C:0313H         LINE#         375
  C:0316H         LINE#         377
  C:0316H         LINE#         379
  C:0316H         LINE#         380
  C:0316H         LINE#         381
  C:0316H         LINE#         382
  -------         ENDPROC       TIMER0_INT
  -------         PROC          INT0_INT
  C:04E1H         LINE#         391
  C:04E1H         LINE#         396
  C:04E3H         LINE#         397
  C:04E6H         LINE#         399
  C:04E9H         LINE#         400
  C:04EBH         LINE#         403
  -------         ENDPROC       INT0_INT
  -------         PROC          INT1_INT
  C:04D4H         LINE#         406
  C:04D4H         LINE#         409
  C:04D6H         LINE#         412
  C:04D8H         LINE#         413
  C:04DBH         LINE#         418
  C:04DEH         LINE#         419
  C:04E0H         LINE#         421
  -------         ENDPROC       INT1_INT
BL51 BANKED LINKER/LOCATER V6.22                                                      11/04/2018  22:12:37  PAGE 7


  -------         PROC          LVD_ISR
  C:04ECH         LINE#         441
  C:04ECH         LINE#         444
  C:04EEH         LINE#         445
  C:04F0H         LINE#         446
  C:04F2H         LINE#         448
  C:04F5H         LINE#         451
  -------         ENDPROC       LVD_ISR
  -------         ENDMOD        MAIN

  -------         MODULE        TIMER
  C:0000H         SYMBOL        _ICE_DUMMY_
  D:00A8H         PUBLIC        IE
  D:00B8H         PUBLIC        IP
  D:0089H         PUBLIC        TMOD
  D:0088H         PUBLIC        TCON
  C:0036H         PUBLIC        _Timer_Inilize
  D:008EH         PUBLIC        AUXR
  B:00A8H.1       PUBLIC        ET0
  B:00A8H.3       PUBLIC        ET1
  D:008CH         PUBLIC        TH0
  D:008DH         PUBLIC        TH1
  D:008AH         PUBLIC        TL0
  D:008BH         PUBLIC        TL1
  B:00B8H.1       PUBLIC        PT0
  B:00B8H.3       PUBLIC        PT1
  B:0088H.4       PUBLIC        TR0
  B:0088H.6       PUBLIC        TR1
  D:008FH         PUBLIC        INT_CLKO
  -------         PROC          _TIMER_INILIZE
  D:0005H         SYMBOL        TIM
  D:0001H         SYMBOL        TIMx
  C:0036H         LINE#         44
  C:0038H         LINE#         45
  C:0038H         LINE#         46
  C:0041H         LINE#         48
  C:0047H         LINE#         49
  C:0047H         LINE#         50
  C:0049H         LINE#         51
  C:0056H         LINE#         52
  C:0058H         LINE#         53
  C:0065H         LINE#         54
  C:0067H         LINE#         55
  C:0073H         LINE#         56
  C:007AH         LINE#         57
  C:0087H         LINE#         58
  C:008DH         LINE#         59
  C:0096H         LINE#         60
  C:0099H         LINE#         61
  C:00A7H         LINE#         62
  C:00AAH         LINE#         64
  C:00B4H         LINE#         65
  C:00BCH         LINE#         66
  C:00C7H         LINE#         67
  C:00CAH         LINE#         68
  C:00CAH         LINE#         70
  C:00D2H         LINE#         71
BL51 BANKED LINKER/LOCATER V6.22                                                      11/04/2018  22:12:37  PAGE 8


  C:00D2H         LINE#         72
  C:00D4H         LINE#         73
  C:00E1H         LINE#         74
  C:00E3H         LINE#         75
  C:00F0H         LINE#         76
  C:00F2H         LINE#         77
  C:00FEH         LINE#         78
  C:0105H         LINE#         79
  C:0112H         LINE#         80
  C:0118H         LINE#         81
  C:0121H         LINE#         82
  C:0124H         LINE#         83
  C:0132H         LINE#         84
  C:0135H         LINE#         86
  C:0141H         LINE#         87
  C:0143H         LINE#         88
  C:014EH         LINE#         89
  C:0151H         LINE#         90
  C:0151H         LINE#         110
  C:0153H         LINE#         111
  -------         ENDPROC       _TIMER_INILIZE
  -------         ENDMOD        TIMER

  -------         MODULE        DELAY
  C:0000H         SYMBOL        _ICE_DUMMY_
  D:00A8H         PUBLIC        IE
  D:00B8H         PUBLIC        IP
  D:0088H         PUBLIC        TCON
  C:0016H         PUBLIC        _delay_ms
  -------         PROC          _DELAY_MS
  D:0006H         SYMBOL        ms
  -------         DO            
  D:0004H         SYMBOL        i
  -------         ENDDO         
  C:0016H         LINE#         33
  C:0016H         LINE#         34
  C:0016H         LINE#         36
  C:0016H         LINE#         37
  C:001AH         LINE#         38
  C:0023H         LINE#         39
  C:002CH         LINE#         40
  -------         ENDPROC       _DELAY_MS
  -------         ENDMOD        DELAY

  -------         MODULE        EXTI
  C:0000H         SYMBOL        _ICE_DUMMY_
  D:00A8H         PUBLIC        IE
  D:00B8H         PUBLIC        IP
  D:0088H         PUBLIC        TCON
  B:00A8H.0       PUBLIC        EX0
  B:0088H.0       PUBLIC        IT0
  B:00A8H.2       PUBLIC        EX1
  B:0088H.2       PUBLIC        IT1
  B:00B8H.0       PUBLIC        PX0
  B:00B8H.2       PUBLIC        PX1
  C:025EH         PUBLIC        _Ext_Inilize
  -------         PROC          _EXT_INILIZE
BL51 BANKED LINKER/LOCATER V6.22                                                      11/04/2018  22:12:37  PAGE 9


  D:0007H         SYMBOL        EXT
  D:0001H         SYMBOL        INTx
  C:025EH         LINE#         50
  C:025EH         LINE#         51
  C:025EH         LINE#         52
  C:0267H         LINE#         54
  C:026AH         LINE#         55
  C:026AH         LINE#         56
  C:0277H         LINE#         57
  C:0279H         LINE#         58
  C:0286H         LINE#         59
  C:0288H         LINE#         60
  C:0292H         LINE#         61
  C:0294H         LINE#         62
  C:0297H         LINE#         63
  C:0297H         LINE#         65
  C:029CH         LINE#         66
  C:029CH         LINE#         67
  C:02A9H         LINE#         68
  C:02ABH         LINE#         69
  C:02B8H         LINE#         70
  C:02BAH         LINE#         71
  C:02C4H         LINE#         72
  C:02C6H         LINE#         73
  C:02C9H         LINE#         74
  C:02C9H         LINE#         97
  C:02CBH         LINE#         98
  -------         ENDPROC       _EXT_INILIZE
  -------         ENDMOD        EXTI

  -------         MODULE        ?C?CLDPTR
  C:01E0H         PUBLIC        ?C?CLDPTR
  -------         ENDMOD        ?C?CLDPTR

  -------         MODULE        ?C?CLDOPTR
  C:01F9H         PUBLIC        ?C?CLDOPTR
  -------         ENDMOD        ?C?CLDOPTR

  -------         MODULE        ?C?ILDOPTR
  C:0226H         PUBLIC        ?C?ILDOPTR
  -------         ENDMOD        ?C?ILDOPTR

Program Size: data=26.0 xdata=0 code=1263
LINK/LOCATE RUN COMPLETE.  0 WARNING(S),  0 ERROR(S)
