BL51 BANKED LINKER/LOCATER V6.22                                                        09/28/2018  23:20:13  PAGE 1


BL51 BANKED LINKER/LOCATER V6.22, INVOKED BY:
C:\KEIL\C51\BIN\BL51.EXE GPIO.obj, main.obj, timer.obj, Soft_UART.obj, delay.obj, Exti.obj TO timer PRINT (.\list\timer.
>> m51) RAMSIZE (256)


MEMORY MODEL: SMALL


INPUT MODULES INCLUDED:
  GPIO.obj (GPIO)
  main.obj (MAIN)
  timer.obj (TIMER)
  Soft_UART.obj (SOFT_UART)
  delay.obj (DELAY)
  Exti.obj (EXTI)
  C:\KEIL\C51\LIB\C51S.LIB (?C_STARTUP)
  C:\KEIL\C51\LIB\C51S.LIB (?C?CLDPTR)
  C:\KEIL\C51\LIB\C51S.LIB (?C?CLDOPTR)
  C:\KEIL\C51\LIB\C51S.LIB (?C?ILDOPTR)
  C:\KEIL\C51\LIB\C51S.LIB (?C?ULDIV)
  C:\KEIL\C51\LIB\C51S.LIB (?C?ULCMP)
  C:\KEIL\C51\LIB\C51S.LIB (?C_INIT)


LINK MAP OF MODULE:  timer (GPIO)


            TYPE    BASE      LENGTH    RELOCATION   SEGMENT NAME
            -----------------------------------------------------

            * * * * * * *   D A T A   M E M O R Y   * * * * * * *
            REG     0000H     0008H     ABSOLUTE     "REG BANK 0"
            DATA    0008H     0017H     UNIT         ?DT?MAIN
            DATA    001FH     000BH     UNIT         _DATA_GROUP_
            IDATA   002AH     0001H     UNIT         ?STACK

            * * * * * * *   C O D E   M E M O R Y   * * * * * * *
            CODE    0000H     0003H     ABSOLUTE     
            CODE    0003H     0003H     ABSOLUTE     
            CODE    0006H     0001H     UNIT         ?PR?MINTUEACTION?MAIN
            CODE    0007H     0001H     UNIT         ?PR?_TXSEND?SOFT_UART
                    0008H     0003H                  *** GAP ***
            CODE    000BH     0003H     ABSOLUTE     
                    000EH     0005H                  *** GAP ***
            CODE    0013H     0003H     ABSOLUTE     
            CODE    0016H     015DH     UNIT         ?C?LIB_CODE
            CODE    0173H     011EH     UNIT         ?PR?_TIMER_INILIZE?TIMER
            CODE    0291H     0116H     UNIT         ?PR?TIMER0_INT?MAIN
            CODE    03A7H     00EAH     UNIT         ?PR?PRINTNOWTIME?MAIN
            CODE    0491H     008CH     UNIT         ?C_C51STARTUP
            CODE    051DH     0085H     UNIT         ?PR?_EXT_INILIZE?EXTI
            CODE    05A2H     005EH     UNIT         ?PR?_GPIO_INILIZE?GPIO
            CODE    0600H     005AH     UNIT         ?PR?SECONDACTION?MAIN
            CODE    065AH     0050H     UNIT         ?CO?MAIN
            CODE    06AAH     004FH     UNIT         ?PR?MAIN?MAIN
            CODE    06F9H     004FH     UNIT         ?PR?INT1_INT?MAIN
            CODE    0748H     004DH     UNIT         ?PR?INT0_INT?MAIN
            CODE    0795H     003FH     UNIT         ?PR?KEY_SCAN?MAIN
BL51 BANKED LINKER/LOCATER V6.22                                                      09/28/2018  23:20:13  PAGE 2


            CODE    07D4H     003DH     UNIT         ?PR?_L2SHOWWITHNUM?MAIN
            CODE    0811H     002AH     UNIT         ?C_INITSEG
            CODE    083BH     0025H     UNIT         ?PR?EXTI_CONFIG?MAIN
            CODE    0860H     0021H     UNIT         ?PR?GPIO_CONFIG?MAIN
            CODE    0881H     0020H     UNIT         ?PR?TIMER_CONFIG?MAIN
            CODE    08A1H     0017H     UNIT         ?PR?_DELAY_MS?DELAY
            CODE    08B8H     0010H     UNIT         ?PR?_PRINTSTRING?SOFT_UART
            CODE    08C8H     000EH     UNIT         ?PR?BITTIME?SOFT_UART
            CODE    08D6H     000CH     UNIT         ?PR?MOTOSTART?MAIN



OVERLAY MAP OF MODULE:   timer (GPIO)


SEGMENT                              DATA_GROUP 
  +--> CALLED SEGMENT              START    LENGTH
--------------------------------------------------
?PR?TIMER0_INT?MAIN                -----    -----
  +--> ?PR?SECONDACTION?MAIN
  +--> ?PR?MINTUEACTION?MAIN

?PR?SECONDACTION?MAIN              -----    -----
  +--> ?PR?PRINTNOWTIME?MAIN
  +--> ?PR?_DELAY_MS?DELAY

?PR?PRINTNOWTIME?MAIN              -----    -----
  +--> ?CO?MAIN
  +--> ?PR?_PRINTSTRING?SOFT_UART
  +--> ?PR?_TXSEND?SOFT_UART

?PR?_PRINTSTRING?SOFT_UART         -----    -----
  +--> ?PR?_TXSEND?SOFT_UART

?PR?_TXSEND?SOFT_UART              0025H    0001H

*** NEW ROOT ***************************************************

?PR?INT0_INT?MAIN                  -----    -----
  +--> ?CO?MAIN
  +--> ?PR?_PRINTSTRING?SOFT_UART
  +--> ?PR?_DELAY_MS?DELAY

*** NEW ROOT ***************************************************

?PR?INT1_INT?MAIN                  -----    -----
  +--> ?CO?MAIN
  +--> ?PR?_PRINTSTRING?SOFT_UART
  +--> ?PR?_DELAY_MS?DELAY

*** NEW ROOT ***************************************************

?C_C51STARTUP                      -----    -----
  +--> ?PR?MAIN?MAIN
  +--> ?C_INITSEG

?PR?MAIN?MAIN                      -----    -----
BL51 BANKED LINKER/LOCATER V6.22                                                      09/28/2018  23:20:13  PAGE 3


  +--> ?PR?GPIO_CONFIG?MAIN
  +--> ?PR?EXTI_CONFIG?MAIN
  +--> ?PR?TIMER_CONFIG?MAIN
  +--> ?PR?KEY_SCAN?MAIN
  +--> ?PR?MOTOSTART?MAIN

?PR?GPIO_CONFIG?MAIN               0022H    0002H
  +--> ?PR?_GPIO_INILIZE?GPIO

?PR?EXTI_CONFIG?MAIN               0022H    0003H
  +--> ?PR?_EXT_INILIZE?EXTI

?PR?TIMER_CONFIG?MAIN              0022H    0008H
  +--> ?PR?_TIMER_INILIZE?TIMER

?PR?KEY_SCAN?MAIN                  -----    -----
  +--> ?PR?MOTOSTART?MAIN
  +--> ?PR?_L2SHOWWITHNUM?MAIN

?PR?MOTOSTART?MAIN                 -----    -----
  +--> ?CO?MAIN
  +--> ?PR?_PRINTSTRING?SOFT_UART

?PR?_L2SHOWWITHNUM?MAIN            0022H    0003H
  +--> ?CO?MAIN
  +--> ?PR?_PRINTSTRING?SOFT_UART
  +--> ?PR?_DELAY_MS?DELAY



SYMBOL TABLE OF MODULE:  timer (GPIO)

  VALUE           TYPE          NAME
  ----------------------------------

  -------         MODULE        GPIO
  C:0000H         SYMBOL        _ICE_DUMMY_
  D:00B2H         PUBLIC        P3M0
  D:00B1H         PUBLIC        P3M1
  D:00A8H         PUBLIC        IE
  D:00B8H         PUBLIC        IP
  D:0088H         PUBLIC        TCON
  C:05A2H         PUBLIC        _GPIO_Inilize
  -------         PROC          _GPIO_INILIZE
  D:0007H         SYMBOL        GPIO
  D:0001H         SYMBOL        GPIOx
  C:05A2H         LINE#         31
  C:05A2H         LINE#         32
  C:05A2H         LINE#         33
  C:05ABH         LINE#         34
  C:05B7H         LINE#         37
  C:05BCH         LINE#         38
  C:05BCH         LINE#         39
  C:05CAH         LINE#         40
  C:05DBH         LINE#         41
  C:05ECH         LINE#         42
  C:05FDH         LINE#         43
BL51 BANKED LINKER/LOCATER V6.22                                                      09/28/2018  23:20:13  PAGE 4


  C:05FDH         LINE#         45
  C:05FFH         LINE#         46
  -------         ENDPROC       _GPIO_INILIZE
  -------         ENDMOD        GPIO

  -------         MODULE        MAIN
  C:0000H         SYMBOL        _ICE_DUMMY_
  C:0291H         PUBLIC        timer0_int
  D:00B0H         PUBLIC        P3
  B:00A8H.7       PUBLIC        EA
  B:00B0H.3       PUBLIC        ioInKeyForMoto
  D:0008H         PUBLIC        g_hour
  B:00B0H.5       PUBLIC        ioOutForMotoKey
  C:0860H         PUBLIC        GPIO_config
  D:00A8H         PUBLIC        IE
  D:000CH         PUBLIC        g_key_flag
  C:07D4H         PUBLIC        _l2ShowWithNum
  C:083BH         PUBLIC        EXTI_config
  D:00B8H         PUBLIC        IP
  D:000EH         PUBLIC        g_key_time
  C:06AAH         PUBLIC        main
  B:00B0H.0       PUBLIC        ioOutForL1Green
  D:000FH         PUBLIC        g_allKeyState
  D:0011H         PUBLIC        g_light_on_time
  D:0088H         PUBLIC        TCON
  B:0088H.1       PUBLIC        IE0
  B:0088H.3       PUBLIC        IE1
  D:0012H         PUBLIC        g_second
  C:0748H         PUBLIC        INT0_int
  C:06F9H         PUBLIC        INT1_int
  B:00A8H.0       PUBLIC        EX0
  B:00A8H.2       PUBLIC        EX1
  C:0795H         PUBLIC        key_scan
  D:0016H         PUBLIC        g_moto_run_time
  C:08D6H         PUBLIC        motoStart
  B:00B0H.1       PUBLIC        ioOutForL2Red
  D:0017H         PUBLIC        g_minute
  C:0881H         PUBLIC        Timer_config
  C:0600H         PUBLIC        secondAction
  D:001BH         PUBLIC        g_millisecond
  B:00B0H.4       PUBLIC        ioOutForMotoPower
  B:00B0H.2       PUBLIC        ioInKeyForTime
  C:03A7H         PUBLIC        printNowTime
  C:0006H         PUBLIC        mintueAction
  -------         PROC          EXTI_CONFIG
  -------         DO            
  D:0022H         SYMBOL        EXTI_InitStructure
  -------         ENDDO         
  C:083BH         LINE#         106
  C:083BH         LINE#         107
  C:083BH         LINE#         111
  C:083EH         LINE#         112
  C:0841H         LINE#         113
  C:0844H         LINE#         114
  C:084DH         LINE#         117
  C:0850H         LINE#         118
  C:0853H         LINE#         119
BL51 BANKED LINKER/LOCATER V6.22                                                      09/28/2018  23:20:13  PAGE 5


  C:0856H         LINE#         120
  -------         ENDPROC       EXTI_CONFIG
  -------         PROC          GPIO_CONFIG
  -------         DO            
  D:0022H         SYMBOL        GPIO_InitStructure
  -------         ENDDO         
  C:0860H         LINE#         134
  C:0860H         LINE#         135
  C:0860H         LINE#         137
  C:0863H         LINE#         139
  C:0866H         LINE#         140
  C:0871H         LINE#         143
  C:0874H         LINE#         144
  C:0877H         LINE#         145
  -------         ENDPROC       GPIO_CONFIG
  -------         PROC          TIMER_CONFIG
  -------         DO            
  D:0022H         SYMBOL        TIM_InitStructure
  -------         ENDDO         
  C:0881H         LINE#         150
  C:0881H         LINE#         151
  C:0881H         LINE#         153
  C:0884H         LINE#         154
  C:0887H         LINE#         155
  C:088AH         LINE#         156
  C:088DH         LINE#         157
  C:088FH         LINE#         158
  C:0895H         LINE#         160
  C:0898H         LINE#         161
  -------         ENDPROC       TIMER_CONFIG
  -------         PROC          MAIN
  C:06AAH         LINE#         167
  C:06AAH         LINE#         168
  C:06AAH         LINE#         171
  C:06ADH         LINE#         175
  C:06B3H         LINE#         178
  C:06B7H         LINE#         180
  C:06B9H         LINE#         187
  C:06BCH         LINE#         190
  C:06BFH         LINE#         192
  C:06C1H         LINE#         196
  C:06C1H         LINE#         197
  C:06C1H         LINE#         198
  C:06C4H         LINE#         206
  C:06F4H         LINE#         208
  C:06F7H         LINE#         210
  C:06F7H         LINE#         211
  -------         ENDPROC       MAIN
  -------         PROC          KEY_SCAN
  C:0795H         LINE#         217
  C:0795H         LINE#         219
  C:079AH         LINE#         221
  C:079DH         LINE#         224
  C:07A0H         LINE#         225
  C:07A5H         LINE#         227
  C:07A5H         LINE#         238
  C:07AAH         LINE#         240
BL51 BANKED LINKER/LOCATER V6.22                                                      09/28/2018  23:20:13  PAGE 6


  C:07ADH         LINE#         243
  C:07B6H         LINE#         244
  C:07CEH         LINE#         246
  C:07D3H         LINE#         248
  C:07D3H         LINE#         249
  -------         ENDPROC       KEY_SCAN
  -------         PROC          _L2SHOWWITHNUM
  D:0022H         SYMBOL        num
  -------         DO            
  D:0023H         SYMBOL        i
  -------         ENDDO         
  C:07D4H         LINE#         262
  C:07D6H         LINE#         263
  C:07D6H         LINE#         264
  C:07DBH         LINE#         265
  C:07E2H         LINE#         267
  C:07F4H         LINE#         268
  C:07F4H         LINE#         269
  C:07FBH         LINE#         270
  C:07FDH         LINE#         271
  C:0804H         LINE#         272
  C:0806H         LINE#         274
  C:0810H         LINE#         275
  -------         ENDPROC       _L2SHOWWITHNUM
  -------         PROC          MOTOSTART
  C:08D6H         LINE#         283
  C:08D6H         LINE#         286
  C:08D8H         LINE#         287
  C:08DBH         LINE#         289
  -------         ENDPROC       MOTOSTART
  -------         PROC          SECONDACTION
  C:0600H         LINE#         292
  C:0600H         LINE#         294
  C:0603H         LINE#         296
  C:0627H         LINE#         297
  C:0629H         LINE#         300
  C:062BH         LINE#         301
  C:062BH         LINE#         302
  C:062DH         LINE#         303
  C:062DH         LINE#         306
  C:0632H         LINE#         308
  C:0632H         LINE#         309
  C:0637H         LINE#         310
  C:0639H         LINE#         312
  C:063BH         LINE#         313
  C:0642H         LINE#         314
  C:0644H         LINE#         316
  C:0645H         LINE#         317
  C:064AH         LINE#         318
  C:064DH         LINE#         321
  C:064FH         LINE#         322
  C:0650H         LINE#         323
  C:0657H         LINE#         324
  C:0659H         LINE#         325
  C:0659H         LINE#         328
  -------         ENDPROC       SECONDACTION
  -------         PROC          MINTUEACTION
BL51 BANKED LINKER/LOCATER V6.22                                                      09/28/2018  23:20:13  PAGE 7


  C:0006H         LINE#         330
  C:0006H         LINE#         333
  -------         ENDPROC       MINTUEACTION
  -------         PROC          PRINTNOWTIME
  C:03A7H         LINE#         337
  C:03A7H         LINE#         339
  C:03AEH         LINE#         341
  C:03B3H         LINE#         343
  C:03DCH         LINE#         344
  C:03F4H         LINE#         347
  C:03F9H         LINE#         348
  C:03FEH         LINE#         349
  C:0427H         LINE#         350
  C:043FH         LINE#         352
  C:0444H         LINE#         353
  C:0449H         LINE#         355
  C:0472H         LINE#         356
  C:048AH         LINE#         367
  -------         ENDPROC       PRINTNOWTIME
  -------         PROC          TIMER0_INT
  C:0291H         LINE#         371
  C:02AEH         LINE#         373
  C:02C3H         LINE#         375
  C:02DBH         LINE#         376
  C:02E7H         LINE#         378
  C:02EAH         LINE#         380
  C:02FFH         LINE#         382
  C:0313H         LINE#         385
  C:0316H         LINE#         388
  C:0322H         LINE#         389
  C:0337H         LINE#         391
  C:034BH         LINE#         394
  C:0357H         LINE#         395
  C:036CH         LINE#         397
  C:0380H         LINE#         400
  C:038CH         LINE#         402
  C:038CH         LINE#         404
  C:038CH         LINE#         405
  C:038CH         LINE#         406
  C:038CH         LINE#         407
  -------         ENDPROC       TIMER0_INT
  -------         PROC          INT0_INT
  C:0748H         LINE#         416
  C:0765H         LINE#         421
  C:0767H         LINE#         422
  C:076AH         LINE#         423
  C:0771H         LINE#         424
  C:0778H         LINE#         425
  C:077AH         LINE#         428
  -------         ENDPROC       INT0_INT
  -------         PROC          INT1_INT
  C:06F9H         LINE#         431
  C:0716H         LINE#         434
  C:0718H         LINE#         437
  C:071AH         LINE#         438
  C:071DH         LINE#         441
  C:0724H         LINE#         442
BL51 BANKED LINKER/LOCATER V6.22                                                      09/28/2018  23:20:13  PAGE 8


  C:072BH         LINE#         443
  C:072DH         LINE#         446
  -------         ENDPROC       INT1_INT
  -------         ENDMOD        MAIN

  -------         MODULE        TIMER
  C:0000H         SYMBOL        _ICE_DUMMY_
  D:00A8H         PUBLIC        IE
  D:00B8H         PUBLIC        IP
  D:0089H         PUBLIC        TMOD
  D:0088H         PUBLIC        TCON
  C:0173H         PUBLIC        _Timer_Inilize
  D:008EH         PUBLIC        AUXR
  B:00A8H.1       PUBLIC        ET0
  B:00A8H.3       PUBLIC        ET1
  D:008CH         PUBLIC        TH0
  D:008DH         PUBLIC        TH1
  D:008AH         PUBLIC        TL0
  D:008BH         PUBLIC        TL1
  B:00B8H.1       PUBLIC        PT0
  B:00B8H.3       PUBLIC        PT1
  B:0088H.4       PUBLIC        TR0
  B:0088H.6       PUBLIC        TR1
  D:008FH         PUBLIC        INT_CLKO
  -------         PROC          _TIMER_INILIZE
  D:0005H         SYMBOL        TIM
  D:0001H         SYMBOL        TIMx
  C:0173H         LINE#         44
  C:0175H         LINE#         45
  C:0175H         LINE#         46
  C:017EH         LINE#         48
  C:0184H         LINE#         49
  C:0184H         LINE#         50
  C:0186H         LINE#         51
  C:0193H         LINE#         52
  C:0195H         LINE#         53
  C:01A2H         LINE#         54
  C:01A4H         LINE#         55
  C:01B0H         LINE#         56
  C:01B7H         LINE#         57
  C:01C4H         LINE#         58
  C:01CAH         LINE#         59
  C:01D3H         LINE#         60
  C:01D6H         LINE#         61
  C:01E4H         LINE#         62
  C:01E7H         LINE#         64
  C:01F1H         LINE#         65
  C:01F9H         LINE#         66
  C:0204H         LINE#         67
  C:0207H         LINE#         68
  C:0207H         LINE#         70
  C:020FH         LINE#         71
  C:020FH         LINE#         72
  C:0211H         LINE#         73
  C:021EH         LINE#         74
  C:0220H         LINE#         75
  C:022DH         LINE#         76
BL51 BANKED LINKER/LOCATER V6.22                                                      09/28/2018  23:20:13  PAGE 9


  C:022FH         LINE#         77
  C:023BH         LINE#         78
  C:0242H         LINE#         79
  C:024FH         LINE#         80
  C:0255H         LINE#         81
  C:025EH         LINE#         82
  C:0261H         LINE#         83
  C:026FH         LINE#         84
  C:0272H         LINE#         86
  C:027EH         LINE#         87
  C:0280H         LINE#         88
  C:028BH         LINE#         89
  C:028EH         LINE#         90
  C:028EH         LINE#         110
  C:0290H         LINE#         111
  -------         ENDPROC       _TIMER_INILIZE
  -------         ENDMOD        TIMER

  -------         MODULE        SOFT_UART
  C:0000H         SYMBOL        _ICE_DUMMY_
  D:00B0H         PUBLIC        P3
  C:08B8H         PUBLIC        _PrintString
  D:00A8H         PUBLIC        IE
  D:00B8H         PUBLIC        IP
  B:00B0H.1       PUBLIC        P_TXD
  C:08C8H         PUBLIC        BitTime
  D:0088H         PUBLIC        TCON
  C:0007H         PUBLIC        _TxSend
  -------         PROC          BITTIME
  -------         DO            
  D:0006H         SYMBOL        i
  -------         ENDDO         
  C:08C8H         LINE#         38
  C:08C8H         LINE#         39
  C:08C8H         LINE#         41
  C:08CCH         LINE#         42
  C:08D5H         LINE#         43
  -------         ENDPROC       BITTIME
  -------         PROC          _TXSEND
  D:0005H         SYMBOL        dat
  -------         DO            
  D:0025H         SYMBOL        i
  -------         ENDDO         
  C:0007H         LINE#         54
  C:0007H         LINE#         55
  -------         ENDPROC       _TXSEND
  -------         PROC          _PRINTSTRING
  D:0082H         SYMBOL        puts
  C:08B8H         LINE#         84
  C:08BCH         LINE#         85
  C:08BCH         LINE#         86
  C:08C7H         LINE#         87
  -------         ENDPROC       _PRINTSTRING
  -------         ENDMOD        SOFT_UART

  -------         MODULE        DELAY
  C:0000H         SYMBOL        _ICE_DUMMY_
BL51 BANKED LINKER/LOCATER V6.22                                                      09/28/2018  23:20:13  PAGE 10


  D:00A8H         PUBLIC        IE
  D:00B8H         PUBLIC        IP
  D:0088H         PUBLIC        TCON
  C:08A1H         PUBLIC        _delay_ms
  -------         PROC          _DELAY_MS
  D:0006H         SYMBOL        ms
  -------         DO            
  D:0004H         SYMBOL        i
  -------         ENDDO         
  C:08A1H         LINE#         33
  C:08A1H         LINE#         34
  C:08A1H         LINE#         36
  C:08A1H         LINE#         37
  C:08A5H         LINE#         38
  C:08AEH         LINE#         39
  C:08B7H         LINE#         40
  -------         ENDPROC       _DELAY_MS
  -------         ENDMOD        DELAY

  -------         MODULE        EXTI
  C:0000H         SYMBOL        _ICE_DUMMY_
  D:00A8H         PUBLIC        IE
  D:00B8H         PUBLIC        IP
  D:0088H         PUBLIC        TCON
  B:00A8H.0       PUBLIC        EX0
  B:0088H.0       PUBLIC        IT0
  B:00A8H.2       PUBLIC        EX1
  B:0088H.2       PUBLIC        IT1
  B:00B8H.0       PUBLIC        PX0
  B:00B8H.2       PUBLIC        PX1
  C:051DH         PUBLIC        _Ext_Inilize
  D:008FH         PUBLIC        INT_CLKO
  -------         PROC          _EXT_INILIZE
  D:0007H         SYMBOL        EXT
  D:0001H         SYMBOL        INTx
  C:051DH         LINE#         50
  C:051DH         LINE#         51
  C:051DH         LINE#         52
  C:0526H         LINE#         54
  C:0529H         LINE#         55
  C:0529H         LINE#         56
  C:0536H         LINE#         57
  C:0538H         LINE#         58
  C:0545H         LINE#         59
  C:0547H         LINE#         60
  C:0551H         LINE#         61
  C:0553H         LINE#         62
  C:0556H         LINE#         63
  C:0556H         LINE#         65
  C:055BH         LINE#         66
  C:055BH         LINE#         67
  C:0568H         LINE#         68
  C:056AH         LINE#         69
  C:0577H         LINE#         70
  C:0579H         LINE#         71
  C:0583H         LINE#         72
  C:0585H         LINE#         73
BL51 BANKED LINKER/LOCATER V6.22                                                      09/28/2018  23:20:13  PAGE 11


  C:0588H         LINE#         74
  C:0588H         LINE#         83
  C:058BH         LINE#         84
  C:058BH         LINE#         85
  C:0599H         LINE#         86
  C:059CH         LINE#         87
  C:059FH         LINE#         88
  C:059FH         LINE#         96
  C:05A1H         LINE#         97
  -------         ENDPROC       _EXT_INILIZE
  -------         ENDMOD        EXTI

  -------         MODULE        ?C?CLDPTR
  C:0016H         PUBLIC        ?C?CLDPTR
  -------         ENDMOD        ?C?CLDPTR

  -------         MODULE        ?C?CLDOPTR
  C:002FH         PUBLIC        ?C?CLDOPTR
  -------         ENDMOD        ?C?CLDOPTR

  -------         MODULE        ?C?ILDOPTR
  C:005CH         PUBLIC        ?C?ILDOPTR
  -------         ENDMOD        ?C?ILDOPTR

  -------         MODULE        ?C?ULDIV
  C:00D0H         PUBLIC        ?C?ULDIV
  -------         ENDMOD        ?C?ULDIV

  -------         MODULE        ?C?ULCMP
  C:0162H         PUBLIC        ?C?ULCMP
  -------         ENDMOD        ?C?ULCMP

*** WARNING L16: UNCALLED SEGMENT, IGNORED FOR OVERLAY PROCESS
    SEGMENT: ?PR?BITTIME?SOFT_UART

*** WARNING L15: MULTIPLE CALL TO SEGMENT
    SEGMENT: ?PR?_TXSEND?SOFT_UART
    CALLER1: ?PR?TIMER0_INT?MAIN
    CALLER2: ?PR?INT0_INT?MAIN

*** WARNING L15: MULTIPLE CALL TO SEGMENT
    SEGMENT: ?PR?_TXSEND?SOFT_UART
    CALLER1: ?PR?INT0_INT?MAIN
    CALLER2: ?PR?INT1_INT?MAIN

*** WARNING L15: MULTIPLE CALL TO SEGMENT
    SEGMENT: ?PR?_TXSEND?SOFT_UART
    CALLER1: ?PR?INT1_INT?MAIN
    CALLER2: ?C_C51STARTUP

Program Size: data=43.0 xdata=0 code=2266
LINK/LOCATE RUN COMPLETE.  4 WARNING(S),  0 ERROR(S)
