BL51 BANKED LINKER/LOCATER V6.22                                                        09/21/2018  17:22:16  PAGE 1


BL51 BANKED LINKER/LOCATER V6.22, INVOKED BY:
C:\KEIL\C51\BIN\BL51.EXE GPIO.obj, main.obj, timer.obj, Soft_UART.obj, delay.obj, Exti.obj TO timer PRINT (.\list\timer.
>> m51) RAMSIZE (256)


MEMORY MODEL: SMALL


INPUT MODULES INCLUDED:
  GPIO.obj (GPIO)
  main.obj (MAIN)
  timer.obj (TIMER)
  Soft_UART.obj (SOFT_UART)
  delay.obj (DELAY)
  Exti.obj (EXTI)
  C:\KEIL\C51\LIB\C51S.LIB (?C_STARTUP)
  C:\KEIL\C51\LIB\C51S.LIB (?C?CLDPTR)
  C:\KEIL\C51\LIB\C51S.LIB (?C?CLDOPTR)
  C:\KEIL\C51\LIB\C51S.LIB (?C?ILDOPTR)
  C:\KEIL\C51\LIB\C51S.LIB (?C?ULDIV)
  C:\KEIL\C51\LIB\C51S.LIB (?C?ULCMP)
  C:\KEIL\C51\LIB\C51S.LIB (?C_INIT)


LINK MAP OF MODULE:  timer (GPIO)


            TYPE    BASE      LENGTH    RELOCATION   SEGMENT NAME
            -----------------------------------------------------

            * * * * * * *   D A T A   M E M O R Y   * * * * * * *
            REG     0000H     0008H     ABSOLUTE     "REG BANK 0"
            DATA    0008H     001BH     UNIT         ?DT?MAIN
            DATA    0023H     0008H     UNIT         _DATA_GROUP_
            IDATA   002BH     0001H     UNIT         ?STACK

            * * * * * * *   C O D E   M E M O R Y   * * * * * * *
            CODE    0000H     0003H     ABSOLUTE     
            CODE    0003H     0003H     ABSOLUTE     
            CODE    0006H     0003H     UNIT         ?PR?SECONDACTION?MAIN
                    0009H     0002H                  *** GAP ***
            CODE    000BH     0003H     ABSOLUTE     
                    000EH     0005H                  *** GAP ***
            CODE    0013H     0003H     ABSOLUTE     
            CODE    0016H     0041H     UNIT         ?PR?INT0_INT?MAIN
                    0057H     0004H                  *** GAP ***
            CODE    005BH     0003H     ABSOLUTE     
            CODE    005EH     015DH     UNIT         ?C?LIB_CODE
            CODE    01BBH     011EH     UNIT         ?PR?_TIMER_INILIZE?TIMER
            CODE    02D9H     0118H     UNIT         ?PR?TIMER0_INT?MAIN
            CODE    03F1H     00F6H     UNIT         ?PR?MAIN?MAIN
            CODE    04E7H     00E3H     UNIT         ?PR?PRINTNOWTIME?MAIN
            CODE    05CAH     008CH     UNIT         ?C_C51STARTUP
            CODE    0656H     0085H     UNIT         ?PR?_EXT_INILIZE?EXTI
            CODE    06DBH     005EH     UNIT         ?PR?_GPIO_INILIZE?GPIO
            CODE    0739H     004CH     UNIT         ?PR?INT1_INT?MAIN
            CODE    0785H     004BH     UNIT         ?CO?MAIN
            CODE    07D0H     003FH     UNIT         ?PR?INT3_INT?MAIN
BL51 BANKED LINKER/LOCATER V6.22                                                      09/21/2018  17:22:16  PAGE 2


            CODE    080FH     0038H     UNIT         ?PR?EXTI_CONFIG?MAIN
            CODE    0847H     0034H     UNIT         ?C_INITSEG
            CODE    087BH     0026H     UNIT         ?PR?_TXSEND?SOFT_UART
            CODE    08A1H     0021H     UNIT         ?PR?GPIO_CONFIG?MAIN
            CODE    08C2H     0020H     UNIT         ?PR?TIMER_CONFIG?MAIN
            CODE    08E2H     001EH     UNIT         ?PR?KEY_SCAN?MAIN
            CODE    0900H     0018H     UNIT         ?PR?MINTUEACTION?MAIN
            CODE    0918H     0017H     UNIT         ?PR?_DELAY_MS?DELAY
            CODE    092FH     0010H     UNIT         ?PR?_PRINTSTRING?SOFT_UART
            CODE    093FH     000EH     UNIT         ?PR?BITTIME?SOFT_UART



OVERLAY MAP OF MODULE:   timer (GPIO)


SEGMENT                              DATA_GROUP 
  +--> CALLED SEGMENT              START    LENGTH
--------------------------------------------------
?PR?TIMER0_INT?MAIN                -----    -----
  +--> ?PR?SECONDACTION?MAIN
  +--> ?PR?MINTUEACTION?MAIN

?PR?SECONDACTION?MAIN              -----    -----
  +--> ?PR?PRINTNOWTIME?MAIN

?PR?PRINTNOWTIME?MAIN              -----    -----
  +--> ?PR?_TXSEND?SOFT_UART
  +--> ?CO?MAIN
  +--> ?PR?_PRINTSTRING?SOFT_UART

?PR?_TXSEND?SOFT_UART              -----    -----
  +--> ?PR?BITTIME?SOFT_UART

?PR?_PRINTSTRING?SOFT_UART         -----    -----
  +--> ?PR?_TXSEND?SOFT_UART

*** NEW ROOT ***************************************************

?PR?INT0_INT?MAIN                  -----    -----
  +--> ?CO?MAIN
  +--> ?PR?_PRINTSTRING?SOFT_UART

*** NEW ROOT ***************************************************

?PR?INT1_INT?MAIN                  -----    -----
  +--> ?CO?MAIN
  +--> ?PR?_PRINTSTRING?SOFT_UART
  +--> ?PR?_DELAY_MS?DELAY

*** NEW ROOT ***************************************************

?PR?INT3_INT?MAIN                  -----    -----
  +--> ?CO?MAIN
  +--> ?PR?_PRINTSTRING?SOFT_UART

*** NEW ROOT ***************************************************
BL51 BANKED LINKER/LOCATER V6.22                                                      09/21/2018  17:22:16  PAGE 3



?C_C51STARTUP                      -----    -----
  +--> ?PR?MAIN?MAIN
  +--> ?C_INITSEG

?PR?MAIN?MAIN                      -----    -----
  +--> ?PR?GPIO_CONFIG?MAIN
  +--> ?PR?EXTI_CONFIG?MAIN
  +--> ?PR?TIMER_CONFIG?MAIN
  +--> ?PR?_DELAY_MS?DELAY

?PR?GPIO_CONFIG?MAIN               0023H    0002H
  +--> ?PR?_GPIO_INILIZE?GPIO

?PR?EXTI_CONFIG?MAIN               0023H    0003H
  +--> ?PR?_EXT_INILIZE?EXTI

?PR?TIMER_CONFIG?MAIN              0023H    0008H
  +--> ?PR?_TIMER_INILIZE?TIMER



SYMBOL TABLE OF MODULE:  timer (GPIO)

  VALUE           TYPE          NAME
  ----------------------------------

  -------         MODULE        GPIO
  C:0000H         SYMBOL        _ICE_DUMMY_
  D:00B2H         PUBLIC        P3M0
  D:00B1H         PUBLIC        P3M1
  D:00A8H         PUBLIC        IE
  D:00B8H         PUBLIC        IP
  D:0088H         PUBLIC        TCON
  C:06DBH         PUBLIC        _GPIO_Inilize
  -------         PROC          _GPIO_INILIZE
  D:0007H         SYMBOL        GPIO
  D:0001H         SYMBOL        GPIOx
  C:06DBH         LINE#         31
  C:06DBH         LINE#         32
  C:06DBH         LINE#         33
  C:06E4H         LINE#         34
  C:06F0H         LINE#         37
  C:06F5H         LINE#         38
  C:06F5H         LINE#         39
  C:0703H         LINE#         40
  C:0714H         LINE#         41
  C:0725H         LINE#         42
  C:0736H         LINE#         43
  C:0736H         LINE#         45
  C:0738H         LINE#         46
  -------         ENDPROC       _GPIO_INILIZE
  -------         ENDMOD        GPIO

  -------         MODULE        MAIN
  C:0000H         SYMBOL        _ICE_DUMMY_
  C:02D9H         PUBLIC        timer0_int
BL51 BANKED LINKER/LOCATER V6.22                                                      09/21/2018  17:22:16  PAGE 4


  D:00B0H         PUBLIC        P3
  B:00A8H.7       PUBLIC        EA
  B:00B0H.5       PUBLIC        ioInKeyForMoto
  D:0008H         PUBLIC        g_hour
  C:08A1H         PUBLIC        GPIO_config
  D:00A8H         PUBLIC        IE
  D:000CH         PUBLIC        g_key_flag
  C:080FH         PUBLIC        EXTI_config
  D:00B8H         PUBLIC        IP
  B:00B0H.3       PUBLIC        ioInKeyForRun
  D:000EH         PUBLIC        g_key_time
  D:000FH         PUBLIC        g_addNum
  D:0010H         PUBLIC        ioSwitchLED
  C:03F1H         PUBLIC        main
  B:00B0H.0       PUBLIC        ioOutForL1Green
  D:0011H         PUBLIC        g_allKeyState
  D:0014H         PUBLIC        g_light_on_time
  D:0088H         PUBLIC        TCON
  B:0088H.1       PUBLIC        IE0
  B:0088H.3       PUBLIC        IE1
  D:0015H         PUBLIC        ioKEY
  D:0016H         PUBLIC        g_second
  C:0016H         PUBLIC        INT0_int
  C:0739H         PUBLIC        INT1_int
  C:07D0H         PUBLIC        INT3_int
  B:00A8H.2       PUBLIC        EX1
  C:08E2H         PUBLIC        key_scan
  D:001AH         PUBLIC        ioWorkLED
  B:00B0H.1       PUBLIC        ioOutForL2Red
  D:001BH         PUBLIC        g_minute
  C:08C2H         PUBLIC        Timer_config
  B:00B0H.4       PUBLIC        ioOutForMoto
  C:0006H         PUBLIC        secondAction
  D:001FH         PUBLIC        g_millisecond
  B:00B0H.2       PUBLIC        ioInKeyForTime
  C:04E7H         PUBLIC        printNowTime
  C:0900H         PUBLIC        mintueAction
  -------         PROC          EXTI_CONFIG
  -------         DO            
  D:0023H         SYMBOL        EXTI_InitStructure
  -------         ENDDO         
  C:080FH         LINE#         93
  C:080FH         LINE#         94
  C:080FH         LINE#         98
  C:0812H         LINE#         99
  C:0815H         LINE#         100
  C:0818H         LINE#         101
  C:0821H         LINE#         104
  C:0824H         LINE#         105
  C:0827H         LINE#         106
  C:082AH         LINE#         107
  C:0834H         LINE#         110
  C:0837H         LINE#         111
  C:083AH         LINE#         112
  C:083DH         LINE#         113
  -------         ENDPROC       EXTI_CONFIG
  -------         PROC          GPIO_CONFIG
BL51 BANKED LINKER/LOCATER V6.22                                                      09/21/2018  17:22:16  PAGE 5


  -------         DO            
  D:0023H         SYMBOL        GPIO_InitStructure
  -------         ENDDO         
  C:08A1H         LINE#         119
  C:08A1H         LINE#         120
  C:08A1H         LINE#         122
  C:08A4H         LINE#         124
  C:08A7H         LINE#         125
  C:08B2H         LINE#         128
  C:08B5H         LINE#         129
  C:08B8H         LINE#         130
  -------         ENDPROC       GPIO_CONFIG
  -------         PROC          TIMER_CONFIG
  -------         DO            
  D:0023H         SYMBOL        TIM_InitStructure
  -------         ENDDO         
  C:08C2H         LINE#         135
  C:08C2H         LINE#         136
  C:08C2H         LINE#         138
  C:08C5H         LINE#         139
  C:08C8H         LINE#         140
  C:08CBH         LINE#         141
  C:08CEH         LINE#         142
  C:08D0H         LINE#         143
  C:08D6H         LINE#         145
  C:08D9H         LINE#         146
  -------         ENDPROC       TIMER_CONFIG
  -------         PROC          MAIN
  C:03F1H         LINE#         152
  C:03F1H         LINE#         153
  C:03F1H         LINE#         156
  C:03F4H         LINE#         160
  C:03FCH         LINE#         163
  C:0400H         LINE#         169
  C:0403H         LINE#         172
  C:0406H         LINE#         174
  C:0408H         LINE#         178
  C:0408H         LINE#         179
  C:0408H         LINE#         188
  C:0485H         LINE#         197
  C:0485H         LINE#         200
  C:04A1H         LINE#         202
  C:04A4H         LINE#         203
  C:04A6H         LINE#         204
  C:04A6H         LINE#         205
  C:04A9H         LINE#         206
  C:04A9H         LINE#         207
  C:04A9H         LINE#         214
  C:04CDH         LINE#         215
  C:04D0H         LINE#         216
  C:04D7H         LINE#         217
  C:04DAH         LINE#         218
  C:04DDH         LINE#         219
  C:04DDH         LINE#         221
  C:04E4H         LINE#         222
  C:04E4H         LINE#         226
  -------         ENDPROC       MAIN
BL51 BANKED LINKER/LOCATER V6.22                                                      09/21/2018  17:22:16  PAGE 6


  -------         PROC          MINTUEACTION
  C:0900H         LINE#         230
  C:0900H         LINE#         233
  C:0907H         LINE#         235
  C:090CH         LINE#         236
  C:090EH         LINE#         237
  C:090FH         LINE#         238
  C:090FH         LINE#         239
  C:0915H         LINE#         240
  C:0917H         LINE#         241
  C:0917H         LINE#         242
  -------         ENDPROC       MINTUEACTION
  -------         PROC          SECONDACTION
  C:0006H         LINE#         244
  C:0006H         LINE#         246
  -------         ENDPROC       SECONDACTION
  -------         PROC          PRINTNOWTIME
  C:04E7H         LINE#         250
  C:04E7H         LINE#         254
  C:04ECH         LINE#         256
  C:0515H         LINE#         257
  C:052DH         LINE#         260
  C:0532H         LINE#         261
  C:0537H         LINE#         262
  C:0560H         LINE#         263
  C:0578H         LINE#         265
  C:057DH         LINE#         266
  C:0582H         LINE#         268
  C:05ABH         LINE#         269
  C:05C3H         LINE#         280
  -------         ENDPROC       PRINTNOWTIME
  -------         PROC          KEY_SCAN
  C:08E2H         LINE#         283
  C:08E2H         LINE#         285
  C:08E6H         LINE#         287
  C:08E6H         LINE#         288
  C:08ECH         LINE#         289
  C:08F0H         LINE#         290
  C:08F0H         LINE#         292
  C:08F5H         LINE#         294
  C:08F8H         LINE#         296
  C:08FFH         LINE#         298
  C:08FFH         LINE#         299
  C:08FFH         LINE#         302
  -------         ENDPROC       KEY_SCAN
  -------         PROC          TIMER0_INT
  C:02D9H         LINE#         306
  C:02F6H         LINE#         308
  C:030FH         LINE#         310
  C:0325H         LINE#         311
  C:0331H         LINE#         312
  C:0334H         LINE#         314
  C:0349H         LINE#         316
  C:035DH         LINE#         319
  C:0360H         LINE#         320
  C:036CH         LINE#         321
  C:0381H         LINE#         323
BL51 BANKED LINKER/LOCATER V6.22                                                      09/21/2018  17:22:16  PAGE 7


  C:0395H         LINE#         326
  C:03A1H         LINE#         327
  C:03B6H         LINE#         329
  C:03CAH         LINE#         332
  C:03D6H         LINE#         334
  C:03D6H         LINE#         336
  C:03D6H         LINE#         337
  C:03D6H         LINE#         338
  C:03D6H         LINE#         339
  -------         ENDPROC       TIMER0_INT
  -------         PROC          INT0_INT
  C:0016H         LINE#         344
  C:0033H         LINE#         348
  C:0035H         LINE#         350
  C:003CH         LINE#         351
  -------         ENDPROC       INT0_INT
  -------         PROC          INT1_INT
  C:0739H         LINE#         354
  C:0756H         LINE#         357
  C:0758H         LINE#         360
  C:075AH         LINE#         364
  C:0761H         LINE#         365
  C:0768H         LINE#         366
  C:076AH         LINE#         367
  -------         ENDPROC       INT1_INT
  -------         PROC          INT3_INT
  C:07D0H         LINE#         370
  C:07EDH         LINE#         372
  C:07F4H         LINE#         376
  -------         ENDPROC       INT3_INT
  -------         ENDMOD        MAIN

  -------         MODULE        TIMER
  C:0000H         SYMBOL        _ICE_DUMMY_
  D:00A8H         PUBLIC        IE
  D:00B8H         PUBLIC        IP
  D:0089H         PUBLIC        TMOD
  D:0088H         PUBLIC        TCON
  C:01BBH         PUBLIC        _Timer_Inilize
  D:008EH         PUBLIC        AUXR
  B:00A8H.1       PUBLIC        ET0
  B:00A8H.3       PUBLIC        ET1
  D:008CH         PUBLIC        TH0
  D:008DH         PUBLIC        TH1
  D:008AH         PUBLIC        TL0
  D:008BH         PUBLIC        TL1
  B:00B8H.1       PUBLIC        PT0
  B:00B8H.3       PUBLIC        PT1
  B:0088H.4       PUBLIC        TR0
  B:0088H.6       PUBLIC        TR1
  D:008FH         PUBLIC        INT_CLKO
  -------         PROC          _TIMER_INILIZE
  D:0005H         SYMBOL        TIM
  D:0001H         SYMBOL        TIMx
  C:01BBH         LINE#         44
  C:01BDH         LINE#         45
  C:01BDH         LINE#         46
BL51 BANKED LINKER/LOCATER V6.22                                                      09/21/2018  17:22:16  PAGE 8


  C:01C6H         LINE#         48
  C:01CCH         LINE#         49
  C:01CCH         LINE#         50
  C:01CEH         LINE#         51
  C:01DBH         LINE#         52
  C:01DDH         LINE#         53
  C:01EAH         LINE#         54
  C:01ECH         LINE#         55
  C:01F8H         LINE#         56
  C:01FFH         LINE#         57
  C:020CH         LINE#         58
  C:0212H         LINE#         59
  C:021BH         LINE#         60
  C:021EH         LINE#         61
  C:022CH         LINE#         62
  C:022FH         LINE#         64
  C:0239H         LINE#         65
  C:0241H         LINE#         66
  C:024CH         LINE#         67
  C:024FH         LINE#         68
  C:024FH         LINE#         70
  C:0257H         LINE#         71
  C:0257H         LINE#         72
  C:0259H         LINE#         73
  C:0266H         LINE#         74
  C:0268H         LINE#         75
  C:0275H         LINE#         76
  C:0277H         LINE#         77
  C:0283H         LINE#         78
  C:028AH         LINE#         79
  C:0297H         LINE#         80
  C:029DH         LINE#         81
  C:02A6H         LINE#         82
  C:02A9H         LINE#         83
  C:02B7H         LINE#         84
  C:02BAH         LINE#         86
  C:02C6H         LINE#         87
  C:02C8H         LINE#         88
  C:02D3H         LINE#         89
  C:02D6H         LINE#         90
  C:02D6H         LINE#         110
  C:02D8H         LINE#         111
  -------         ENDPROC       _TIMER_INILIZE
  -------         ENDMOD        TIMER

  -------         MODULE        SOFT_UART
  C:0000H         SYMBOL        _ICE_DUMMY_
  D:00B0H         PUBLIC        P3
  C:092FH         PUBLIC        _PrintString
  D:00A8H         PUBLIC        IE
  D:00B8H         PUBLIC        IP
  B:00B0H.1       PUBLIC        P_TXD
  C:093FH         PUBLIC        BitTime
  D:0088H         PUBLIC        TCON
  C:087BH         PUBLIC        _TxSend
  -------         PROC          BITTIME
  -------         DO            
BL51 BANKED LINKER/LOCATER V6.22                                                      09/21/2018  17:22:16  PAGE 9


  D:0006H         SYMBOL        i
  -------         ENDDO         
  C:093FH         LINE#         38
  C:093FH         LINE#         39
  C:093FH         LINE#         41
  C:0943H         LINE#         42
  C:094CH         LINE#         43
  -------         ENDPROC       BITTIME
  -------         PROC          _TXSEND
  D:0005H         SYMBOL        dat
  -------         DO            
  D:0004H         SYMBOL        i
  -------         ENDDO         
  C:087BH         LINE#         54
  C:087DH         LINE#         55
  C:087DH         LINE#         58
  C:087FH         LINE#         59
  C:0882H         LINE#         60
  C:0884H         LINE#         61
  C:0884H         LINE#         62
  C:088CH         LINE#         63
  C:088EH         LINE#         64
  C:0892H         LINE#         65
  C:0895H         LINE#         66
  C:0899H         LINE#         67
  C:089BH         LINE#         69
  C:089EH         LINE#         70
  -------         ENDPROC       _TXSEND
  -------         PROC          _PRINTSTRING
  D:0082H         SYMBOL        puts
  C:092FH         LINE#         82
  C:0933H         LINE#         83
  C:0933H         LINE#         84
  C:093EH         LINE#         85
  -------         ENDPROC       _PRINTSTRING
  -------         ENDMOD        SOFT_UART

  -------         MODULE        DELAY
  C:0000H         SYMBOL        _ICE_DUMMY_
  D:00A8H         PUBLIC        IE
  D:00B8H         PUBLIC        IP
  D:0088H         PUBLIC        TCON
  C:0918H         PUBLIC        _delay_ms
  -------         PROC          _DELAY_MS
  D:0006H         SYMBOL        ms
  -------         DO            
  D:0004H         SYMBOL        i
  -------         ENDDO         
  C:0918H         LINE#         33
  C:0918H         LINE#         34
  C:0918H         LINE#         36
  C:0918H         LINE#         37
  C:091CH         LINE#         38
  C:0925H         LINE#         39
  C:092EH         LINE#         40
  -------         ENDPROC       _DELAY_MS
  -------         ENDMOD        DELAY
BL51 BANKED LINKER/LOCATER V6.22                                                      09/21/2018  17:22:16  PAGE 10



  -------         MODULE        EXTI
  C:0000H         SYMBOL        _ICE_DUMMY_
  D:00A8H         PUBLIC        IE
  D:00B8H         PUBLIC        IP
  D:0088H         PUBLIC        TCON
  B:00A8H.0       PUBLIC        EX0
  B:0088H.0       PUBLIC        IT0
  B:00A8H.2       PUBLIC        EX1
  B:0088H.2       PUBLIC        IT1
  B:00B8H.0       PUBLIC        PX0
  B:00B8H.2       PUBLIC        PX1
  C:0656H         PUBLIC        _Ext_Inilize
  D:008FH         PUBLIC        INT_CLKO
  -------         PROC          _EXT_INILIZE
  D:0007H         SYMBOL        EXT
  D:0001H         SYMBOL        INTx
  C:0656H         LINE#         50
  C:0656H         LINE#         51
  C:0656H         LINE#         52
  C:065FH         LINE#         54
  C:0662H         LINE#         55
  C:0662H         LINE#         56
  C:066FH         LINE#         57
  C:0671H         LINE#         58
  C:067EH         LINE#         59
  C:0680H         LINE#         60
  C:068AH         LINE#         61
  C:068CH         LINE#         62
  C:068FH         LINE#         63
  C:068FH         LINE#         65
  C:0694H         LINE#         66
  C:0694H         LINE#         67
  C:06A1H         LINE#         68
  C:06A3H         LINE#         69
  C:06B0H         LINE#         70
  C:06B2H         LINE#         71
  C:06BCH         LINE#         72
  C:06BEH         LINE#         73
  C:06C1H         LINE#         74
  C:06C1H         LINE#         83
  C:06C4H         LINE#         84
  C:06C4H         LINE#         85
  C:06D2H         LINE#         86
  C:06D5H         LINE#         87
  C:06D8H         LINE#         88
  C:06D8H         LINE#         96
  C:06DAH         LINE#         97
  -------         ENDPROC       _EXT_INILIZE
  -------         ENDMOD        EXTI

  -------         MODULE        ?C?CLDPTR
  C:005EH         PUBLIC        ?C?CLDPTR
  -------         ENDMOD        ?C?CLDPTR

  -------         MODULE        ?C?CLDOPTR
  C:0077H         PUBLIC        ?C?CLDOPTR
BL51 BANKED LINKER/LOCATER V6.22                                                      09/21/2018  17:22:16  PAGE 11


  -------         ENDMOD        ?C?CLDOPTR

  -------         MODULE        ?C?ILDOPTR
  C:00A4H         PUBLIC        ?C?ILDOPTR
  -------         ENDMOD        ?C?ILDOPTR

  -------         MODULE        ?C?ULDIV
  C:0118H         PUBLIC        ?C?ULDIV
  -------         ENDMOD        ?C?ULDIV

  -------         MODULE        ?C?ULCMP
  C:01AAH         PUBLIC        ?C?ULCMP
  -------         ENDMOD        ?C?ULCMP

*** WARNING L16: UNCALLED SEGMENT, IGNORED FOR OVERLAY PROCESS
    SEGMENT: ?PR?KEY_SCAN?MAIN

Program Size: data=44.0 xdata=0 code=2370
LINK/LOCATE RUN COMPLETE.  1 WARNING(S),  0 ERROR(S)
