BL51 BANKED LINKER/LOCATER V6.22                                                        09/29/2018  10:55:15  PAGE 1


BL51 BANKED LINKER/LOCATER V6.22, INVOKED BY:
C:\KEIL\C51\BIN\BL51.EXE GPIO.obj, main.obj, timer.obj, delay.obj, Exti.obj TO timer PRINT (.\list\timer.m51) RAMSIZE (2
>> 56)


MEMORY MODEL: SMALL


INPUT MODULES INCLUDED:
  GPIO.obj (GPIO)
  main.obj (MAIN)
  timer.obj (TIMER)
  delay.obj (DELAY)
  Exti.obj (EXTI)
  C:\KEIL\C51\LIB\C51S.LIB (?C_STARTUP)
  C:\KEIL\C51\LIB\C51S.LIB (?C?CLDPTR)
  C:\KEIL\C51\LIB\C51S.LIB (?C?CLDOPTR)
  C:\KEIL\C51\LIB\C51S.LIB (?C?ILDOPTR)
  C:\KEIL\C51\LIB\C51S.LIB (?C_INIT)


LINK MAP OF MODULE:  timer (GPIO)


            TYPE    BASE      LENGTH    RELOCATION   SEGMENT NAME
            -----------------------------------------------------

            * * * * * * *   D A T A   M E M O R Y   * * * * * * *
            REG     0000H     0008H     ABSOLUTE     "REG BANK 0"
            DATA    0008H     0008H     UNIT         ?DT?MAIN
            DATA    0010H     0008H     UNIT         _DATA_GROUP_
            IDATA   0018H     0001H     UNIT         ?STACK

            * * * * * * *   C O D E   M E M O R Y   * * * * * * *
            CODE    0000H     0003H     ABSOLUTE     
            CODE    0003H     0003H     ABSOLUTE     
                    0006H     0005H                  *** GAP ***
            CODE    000BH     0003H     ABSOLUTE     
                    000EH     0005H                  *** GAP ***
            CODE    0013H     0003H     ABSOLUTE     
            CODE    0016H     011EH     UNIT         ?PR?_TIMER_INILIZE?TIMER
            CODE    0134H     008CH     UNIT         ?C_C51STARTUP
            CODE    01C0H     007EH     UNIT         ?C?LIB_CODE
            CODE    023EH     0079H     UNIT         ?PR?TIMER0_INT?MAIN
            CODE    02B7H     006EH     UNIT         ?PR?_EXT_INILIZE?EXTI
            CODE    0325H     0050H     UNIT         ?PR?_GPIO_INILIZE?GPIO
            CODE    0375H     0048H     UNIT         ?PR?INT1_INT?MAIN
            CODE    03BDH     0046H     UNIT         ?PR?INT0_INT?MAIN
            CODE    0403H     003DH     UNIT         ?PR?SECONDACTION?MAIN
            CODE    0440H     0031H     UNIT         ?PR?_L2SHOWWITHNUM?MAIN
            CODE    0471H     0030H     UNIT         ?PR?MAIN?MAIN
            CODE    04A1H     0029H     UNIT         ?PR?KEY_SCAN?MAIN
            CODE    04CAH     0022H     UNIT         ?PR?EXTI_CONFIG?MAIN
            CODE    04ECH     0021H     UNIT         ?PR?GPIO_CONFIG?MAIN
            CODE    050DH     0020H     UNIT         ?PR?TIMER_CONFIG?MAIN
            CODE    052DH     0017H     UNIT         ?PR?_DELAY_MS?DELAY
            CODE    0544H     0015H     UNIT         ?C_INITSEG
            CODE    0559H     0006H     UNIT         ?PR?MOTOSTART?MAIN
BL51 BANKED LINKER/LOCATER V6.22                                                      09/29/2018  10:55:15  PAGE 2





OVERLAY MAP OF MODULE:   timer (GPIO)


SEGMENT                            DATA_GROUP 
  +--> CALLED SEGMENT            START    LENGTH
------------------------------------------------
?PR?TIMER0_INT?MAIN              -----    -----
  +--> ?PR?SECONDACTION?MAIN

?PR?SECONDACTION?MAIN            -----    -----
  +--> ?PR?_DELAY_MS?DELAY

*** NEW ROOT ***************************************************

?PR?INT0_INT?MAIN                -----    -----
  +--> ?PR?_DELAY_MS?DELAY

*** NEW ROOT ***************************************************

?PR?INT1_INT?MAIN                -----    -----
  +--> ?PR?_DELAY_MS?DELAY

*** NEW ROOT ***************************************************

?C_C51STARTUP                    -----    -----
  +--> ?PR?MAIN?MAIN
  +--> ?C_INITSEG

?PR?MAIN?MAIN                    -----    -----
  +--> ?PR?GPIO_CONFIG?MAIN
  +--> ?PR?EXTI_CONFIG?MAIN
  +--> ?PR?TIMER_CONFIG?MAIN
  +--> ?PR?KEY_SCAN?MAIN
  +--> ?PR?MOTOSTART?MAIN

?PR?GPIO_CONFIG?MAIN             0010H    0002H
  +--> ?PR?_GPIO_INILIZE?GPIO

?PR?EXTI_CONFIG?MAIN             0010H    0003H
  +--> ?PR?_EXT_INILIZE?EXTI

?PR?TIMER_CONFIG?MAIN            0010H    0008H
  +--> ?PR?_TIMER_INILIZE?TIMER

?PR?KEY_SCAN?MAIN                -----    -----
  +--> ?PR?MOTOSTART?MAIN
  +--> ?PR?_L2SHOWWITHNUM?MAIN

?PR?_L2SHOWWITHNUM?MAIN          0010H    0003H
  +--> ?PR?_DELAY_MS?DELAY



SYMBOL TABLE OF MODULE:  timer (GPIO)
BL51 BANKED LINKER/LOCATER V6.22                                                      09/29/2018  10:55:15  PAGE 3



  VALUE           TYPE          NAME
  ----------------------------------

  -------         MODULE        GPIO
  C:0000H         SYMBOL        _ICE_DUMMY_
  D:00B2H         PUBLIC        P3M0
  D:00B1H         PUBLIC        P3M1
  D:00A8H         PUBLIC        IE
  D:00B8H         PUBLIC        IP
  D:0088H         PUBLIC        TCON
  C:0325H         PUBLIC        _GPIO_Inilize
  -------         PROC          _GPIO_INILIZE
  D:0007H         SYMBOL        GPIO
  D:0001H         SYMBOL        GPIOx
  C:0325H         LINE#         31
  C:0325H         LINE#         32
  C:0325H         LINE#         37
  C:032AH         LINE#         38
  C:032AH         LINE#         39
  C:033DH         LINE#         40
  C:034EH         LINE#         41
  C:0361H         LINE#         42
  C:0372H         LINE#         43
  C:0372H         LINE#         45
  C:0374H         LINE#         46
  -------         ENDPROC       _GPIO_INILIZE
  -------         ENDMOD        GPIO

  -------         MODULE        MAIN
  C:0000H         SYMBOL        _ICE_DUMMY_
  C:023EH         PUBLIC        timer0_int
  D:00B0H         PUBLIC        P3
  B:00A8H.7       PUBLIC        EA
  B:00B0H.3       PUBLIC        ioInKeyForMoto
  D:0008H         PUBLIC        g_hour
  B:00B0H.5       PUBLIC        ioOutForMotoKey
  C:04ECH         PUBLIC        GPIO_config
  D:00A8H         PUBLIC        IE
  C:0440H         PUBLIC        _l2ShowWithNum
  C:04CAH         PUBLIC        EXTI_config
  D:00B8H         PUBLIC        IP
  C:0471H         PUBLIC        main
  B:00B0H.0       PUBLIC        ioOutForL1Green
  D:0009H         PUBLIC        g_allKeyState
  D:0088H         PUBLIC        TCON
  B:0088H.1       PUBLIC        IE0
  B:0088H.3       PUBLIC        IE1
  D:000BH         PUBLIC        g_second
  C:03BDH         PUBLIC        INT0_int
  C:0375H         PUBLIC        INT1_int
  B:00A8H.0       PUBLIC        EX0
  B:00A8H.2       PUBLIC        EX1
  C:04A1H         PUBLIC        key_scan
  D:000CH         PUBLIC        g_moto_run_time
  C:0559H         PUBLIC        motoStart
  B:00B0H.1       PUBLIC        ioOutForL2Red
BL51 BANKED LINKER/LOCATER V6.22                                                      09/29/2018  10:55:15  PAGE 4


  D:000DH         PUBLIC        g_minute
  C:050DH         PUBLIC        Timer_config
  C:0403H         PUBLIC        secondAction
  D:000EH         PUBLIC        g_millisecond
  B:00B0H.4       PUBLIC        ioOutForMotoPower
  B:00B0H.2       PUBLIC        ioInKeyForTime
  -------         PROC          EXTI_CONFIG
  -------         DO            
  D:0010H         SYMBOL        EXTI_InitStructure
  -------         ENDDO         
  C:04CAH         LINE#         102
  C:04CAH         LINE#         103
  C:04CAH         LINE#         107
  C:04CDH         LINE#         108
  C:04D0H         LINE#         109
  C:04D3H         LINE#         110
  C:04DCH         LINE#         113
  C:04DFH         LINE#         114
  C:04E2H         LINE#         116
  -------         ENDPROC       EXTI_CONFIG
  -------         PROC          GPIO_CONFIG
  -------         DO            
  D:0010H         SYMBOL        GPIO_InitStructure
  -------         ENDDO         
  C:04ECH         LINE#         130
  C:04ECH         LINE#         131
  C:04ECH         LINE#         133
  C:04EFH         LINE#         135
  C:04F2H         LINE#         136
  C:04FDH         LINE#         139
  C:0500H         LINE#         140
  C:0503H         LINE#         141
  -------         ENDPROC       GPIO_CONFIG
  -------         PROC          TIMER_CONFIG
  -------         DO            
  D:0010H         SYMBOL        TIM_InitStructure
  -------         ENDDO         
  C:050DH         LINE#         146
  C:050DH         LINE#         147
  C:050DH         LINE#         149
  C:0510H         LINE#         150
  C:0513H         LINE#         151
  C:0516H         LINE#         152
  C:0519H         LINE#         153
  C:051BH         LINE#         154
  C:0521H         LINE#         156
  C:0524H         LINE#         157
  -------         ENDPROC       TIMER_CONFIG
  -------         PROC          MAIN
  C:0471H         LINE#         163
  C:0471H         LINE#         164
  C:0471H         LINE#         167
  C:0474H         LINE#         171
  C:047AH         LINE#         174
  C:047EH         LINE#         176
  C:0480H         LINE#         183
  C:0483H         LINE#         186
BL51 BANKED LINKER/LOCATER V6.22                                                      09/29/2018  10:55:15  PAGE 5


  C:0486H         LINE#         188
  C:0488H         LINE#         192
  C:0488H         LINE#         193
  C:0488H         LINE#         194
  C:048BH         LINE#         202
  C:049CH         LINE#         204
  C:049FH         LINE#         206
  C:049FH         LINE#         207
  -------         ENDPROC       MAIN
  -------         PROC          KEY_SCAN
  C:04A1H         LINE#         213
  C:04A1H         LINE#         215
  C:04A6H         LINE#         217
  C:04A9H         LINE#         220
  C:04ACH         LINE#         221
  C:04B1H         LINE#         223
  C:04B1H         LINE#         234
  C:04B6H         LINE#         236
  C:04B9H         LINE#         239
  C:04BCH         LINE#         240
  C:04C4H         LINE#         242
  C:04C9H         LINE#         244
  C:04C9H         LINE#         245
  -------         ENDPROC       KEY_SCAN
  -------         PROC          _L2SHOWWITHNUM
  D:0010H         SYMBOL        num
  -------         DO            
  D:0011H         SYMBOL        i
  -------         ENDDO         
  C:0440H         LINE#         258
  C:0442H         LINE#         259
  C:0442H         LINE#         263
  C:0454H         LINE#         264
  C:0454H         LINE#         265
  C:045BH         LINE#         266
  C:045DH         LINE#         267
  C:0464H         LINE#         268
  C:0466H         LINE#         270
  C:0470H         LINE#         271
  -------         ENDPROC       _L2SHOWWITHNUM
  -------         PROC          MOTOSTART
  C:0559H         LINE#         279
  C:0559H         LINE#         282
  C:055BH         LINE#         283
  C:055EH         LINE#         286
  -------         ENDPROC       MOTOSTART
  -------         PROC          SECONDACTION
  C:0403H         LINE#         288
  C:0403H         LINE#         292
  C:040DH         LINE#         293
  C:040FH         LINE#         296
  C:0411H         LINE#         297
  C:0411H         LINE#         298
  C:0413H         LINE#         299
  C:0413H         LINE#         302
  C:0418H         LINE#         304
  C:0418H         LINE#         305
BL51 BANKED LINKER/LOCATER V6.22                                                      09/29/2018  10:55:15  PAGE 6


  C:041DH         LINE#         306
  C:041FH         LINE#         308
  C:0421H         LINE#         309
  C:0428H         LINE#         310
  C:042AH         LINE#         312
  C:042BH         LINE#         313
  C:0430H         LINE#         314
  C:0433H         LINE#         317
  C:0435H         LINE#         318
  C:0436H         LINE#         319
  C:043DH         LINE#         320
  C:043FH         LINE#         321
  C:043FH         LINE#         324
  -------         ENDPROC       SECONDACTION
  -------         PROC          TIMER0_INT
  C:023EH         LINE#         368
  C:025BH         LINE#         370
  C:0266H         LINE#         372
  C:0271H         LINE#         373
  C:0277H         LINE#         375
  C:027AH         LINE#         377
  C:027CH         LINE#         379
  C:0283H         LINE#         385
  C:0286H         LINE#         386
  C:0288H         LINE#         388
  C:028EH         LINE#         391
  C:0291H         LINE#         392
  C:0293H         LINE#         394
  C:0299H         LINE#         397
  C:029CH         LINE#         399
  C:029CH         LINE#         401
  C:029CH         LINE#         402
  C:029CH         LINE#         403
  C:029CH         LINE#         404
  -------         ENDPROC       TIMER0_INT
  -------         PROC          INT0_INT
  C:03BDH         LINE#         413
  C:03DAH         LINE#         418
  C:03DCH         LINE#         419
  C:03DFH         LINE#         421
  C:03E6H         LINE#         422
  C:03E8H         LINE#         425
  -------         ENDPROC       INT0_INT
  -------         PROC          INT1_INT
  C:0375H         LINE#         428
  C:0392H         LINE#         431
  C:0394H         LINE#         434
  C:0396H         LINE#         435
  C:0399H         LINE#         439
  C:03A0H         LINE#         440
  C:03A2H         LINE#         443
  -------         ENDPROC       INT1_INT
  -------         ENDMOD        MAIN

  -------         MODULE        TIMER
  C:0000H         SYMBOL        _ICE_DUMMY_
  D:00A8H         PUBLIC        IE
BL51 BANKED LINKER/LOCATER V6.22                                                      09/29/2018  10:55:15  PAGE 7


  D:00B8H         PUBLIC        IP
  D:0089H         PUBLIC        TMOD
  D:0088H         PUBLIC        TCON
  C:0016H         PUBLIC        _Timer_Inilize
  D:008EH         PUBLIC        AUXR
  B:00A8H.1       PUBLIC        ET0
  B:00A8H.3       PUBLIC        ET1
  D:008CH         PUBLIC        TH0
  D:008DH         PUBLIC        TH1
  D:008AH         PUBLIC        TL0
  D:008BH         PUBLIC        TL1
  B:00B8H.1       PUBLIC        PT0
  B:00B8H.3       PUBLIC        PT1
  B:0088H.4       PUBLIC        TR0
  B:0088H.6       PUBLIC        TR1
  D:008FH         PUBLIC        INT_CLKO
  -------         PROC          _TIMER_INILIZE
  D:0005H         SYMBOL        TIM
  D:0001H         SYMBOL        TIMx
  C:0016H         LINE#         44
  C:0018H         LINE#         45
  C:0018H         LINE#         46
  C:0021H         LINE#         48
  C:0027H         LINE#         49
  C:0027H         LINE#         50
  C:0029H         LINE#         51
  C:0036H         LINE#         52
  C:0038H         LINE#         53
  C:0045H         LINE#         54
  C:0047H         LINE#         55
  C:0053H         LINE#         56
  C:005AH         LINE#         57
  C:0067H         LINE#         58
  C:006DH         LINE#         59
  C:0076H         LINE#         60
  C:0079H         LINE#         61
  C:0087H         LINE#         62
  C:008AH         LINE#         64
  C:0094H         LINE#         65
  C:009CH         LINE#         66
  C:00A7H         LINE#         67
  C:00AAH         LINE#         68
  C:00AAH         LINE#         70
  C:00B2H         LINE#         71
  C:00B2H         LINE#         72
  C:00B4H         LINE#         73
  C:00C1H         LINE#         74
  C:00C3H         LINE#         75
  C:00D0H         LINE#         76
  C:00D2H         LINE#         77
  C:00DEH         LINE#         78
  C:00E5H         LINE#         79
  C:00F2H         LINE#         80
  C:00F8H         LINE#         81
  C:0101H         LINE#         82
  C:0104H         LINE#         83
  C:0112H         LINE#         84
BL51 BANKED LINKER/LOCATER V6.22                                                      09/29/2018  10:55:15  PAGE 8


  C:0115H         LINE#         86
  C:0121H         LINE#         87
  C:0123H         LINE#         88
  C:012EH         LINE#         89
  C:0131H         LINE#         90
  C:0131H         LINE#         110
  C:0133H         LINE#         111
  -------         ENDPROC       _TIMER_INILIZE
  -------         ENDMOD        TIMER

  -------         MODULE        DELAY
  C:0000H         SYMBOL        _ICE_DUMMY_
  D:00A8H         PUBLIC        IE
  D:00B8H         PUBLIC        IP
  D:0088H         PUBLIC        TCON
  C:052DH         PUBLIC        _delay_ms
  -------         PROC          _DELAY_MS
  D:0006H         SYMBOL        ms
  -------         DO            
  D:0004H         SYMBOL        i
  -------         ENDDO         
  C:052DH         LINE#         33
  C:052DH         LINE#         34
  C:052DH         LINE#         36
  C:052DH         LINE#         37
  C:0531H         LINE#         38
  C:053AH         LINE#         39
  C:0543H         LINE#         40
  -------         ENDPROC       _DELAY_MS
  -------         ENDMOD        DELAY

  -------         MODULE        EXTI
  C:0000H         SYMBOL        _ICE_DUMMY_
  D:00A8H         PUBLIC        IE
  D:00B8H         PUBLIC        IP
  D:0088H         PUBLIC        TCON
  B:00A8H.0       PUBLIC        EX0
  B:0088H.0       PUBLIC        IT0
  B:00A8H.2       PUBLIC        EX1
  B:0088H.2       PUBLIC        IT1
  B:00B8H.0       PUBLIC        PX0
  B:00B8H.2       PUBLIC        PX1
  C:02B7H         PUBLIC        _Ext_Inilize
  -------         PROC          _EXT_INILIZE
  D:0007H         SYMBOL        EXT
  D:0001H         SYMBOL        INTx
  C:02B7H         LINE#         50
  C:02B7H         LINE#         51
  C:02B7H         LINE#         52
  C:02C0H         LINE#         54
  C:02C3H         LINE#         55
  C:02C3H         LINE#         56
  C:02D0H         LINE#         57
  C:02D2H         LINE#         58
  C:02DFH         LINE#         59
  C:02E1H         LINE#         60
  C:02EBH         LINE#         61
BL51 BANKED LINKER/LOCATER V6.22                                                      09/29/2018  10:55:15  PAGE 9


  C:02EDH         LINE#         62
  C:02F0H         LINE#         63
  C:02F0H         LINE#         65
  C:02F5H         LINE#         66
  C:02F5H         LINE#         67
  C:0302H         LINE#         68
  C:0304H         LINE#         69
  C:0311H         LINE#         70
  C:0313H         LINE#         71
  C:031DH         LINE#         72
  C:031FH         LINE#         73
  C:0322H         LINE#         74
  C:0322H         LINE#         97
  C:0324H         LINE#         98
  -------         ENDPROC       _EXT_INILIZE
  -------         ENDMOD        EXTI

  -------         MODULE        ?C?CLDPTR
  C:01C0H         PUBLIC        ?C?CLDPTR
  -------         ENDMOD        ?C?CLDPTR

  -------         MODULE        ?C?CLDOPTR
  C:01D9H         PUBLIC        ?C?CLDOPTR
  -------         ENDMOD        ?C?CLDOPTR

  -------         MODULE        ?C?ILDOPTR
  C:0206H         PUBLIC        ?C?ILDOPTR
  -------         ENDMOD        ?C?ILDOPTR

Program Size: data=25.0 xdata=0 code=1365
LINK/LOCATE RUN COMPLETE.  0 WARNING(S),  0 ERROR(S)
